Component: ARM Compiler 6.16 Tool: armlink [5dfeaa00]

==============================================================================

Section Cross References

    my_st_isr.o(MY_ST_ISR) refers to my_st_isr.o(MEMORY_FOR_READINGS) for READ_COMPLETE
    startup.o(STACK) refers (Special) to heapauxi.o(.text) for __use_two_region_memory
    startup.o(HEAP) refers (Special) to heapauxi.o(.text) for __use_two_region_memory
    startup.o(RESET) refers (Special) to heapauxi.o(.text) for __use_two_region_memory
    startup.o(RESET) refers to startup.o(STACK) for StackMem
    startup.o(RESET) refers to program_directives.o(main) for __main
    startup.o(RESET) refers to my_st_isr.o(MY_ST_ISR) for MY_ST_ISR
    startup.o(RESET) refers to keyboard_take_input_isr.o(KEYBOARD_TAKE_INPUT_ISR) for KEYBOARD_TAKE_INPUT_ISR
    startup.o(RESET) refers to led_power_isr.o(LED_POWER_ISR) for LED_POWER_ISR
    startup.o(RESET) refers to step_motor_isr.o(STEP_MOTOR_ISR) for STEP_MOTOR_ISR
    startup.o(RESET) refers to onboard_switch_isr.o(ONBOARD_SWITCH_ISR) for ONBOARD_SWITCH_ISR
    startup.o(.text) refers (Special) to heapauxi.o(.text) for __use_two_region_memory
    startup.o(.text) refers to startup.o(HEAP) for HeapMem
    startup.o(.text) refers to startup.o(STACK) for StackMem
    program_directives.o(main) refers (Special) to my_st_isr.o(MEMORY_FOR_READINGS) for MIC_READINGS
    program_directives.o(main) refers to project_params.o(PROJECT_PARAMS_INIT) for PROJECT_PARAMS_INIT
    program_directives.o(main) refers to adc_init.o(ADC_INIT) for ADC_INIT
    program_directives.o(main) refers to systick_init.o(SYSTICK_INIT) for SYSTICK_INIT
    program_directives.o(main) refers to timers_init.o(TIMERS_INIT) for TIMERS_INIT
    program_directives.o(main) refers to led_pins_init.o(LED_PINS_INIT) for LED_PINS_INIT
    program_directives.o(main) refers to step_out_pins_init.o(STEP_OUT_PINS_INIT) for STEP_OUT_PINS_INIT
    program_directives.o(main) refers to onboardsw_init.o(ONBOARDSW_INIT) for ONBOARDSW_INIT
    program_directives.o(main) refers to spi_init.o(SPI_INIT) for SPI_INIT
    program_directives.o(main) refers to screen_init.o(SCREEN_INIT) for SCREEN_INIT
    program_directives.o(main) refers to keyboard_pins_init.o(KEYBOARD_PINS_INIT) for KEYBOARD_PINS_INIT
    program_directives.o(main) refers to magnitude_adc_init.o(MAGNITUDE_ADC_INIT) for MAGNITUDE_ADC_INIT
    program_directives.o(main) refers to fft_magnitude.o(FFT_MAGNITUDE) for FFT_MAGNITUDE
    program_directives.o(main) refers to adjust_step_frequency_led_pwm.o(ADJUST_STEP_FREQUENCY_LED_PWM) for ADJUST_STEP_FREQUENCY_LED_PWM
    program_directives.o(main) refers to update_screen.o(UPDATE_SCREEN) for UPDATE_SCREEN
    program_directives.o(main) refers to poll_keyboard.o(POLL_KEYBOARD) for POLL_KEYBOARD
    program_directives.o(main) refers to magnitude_set_t.o(MAGNITUDE_SET_T) for MAGNITUDE_SET_T
    adc_init.o(ADC_INIT) refers to my_st_isr.o(MEMORY_FOR_READINGS) for READ_COMPLETE
    fft_magnitude.o(FFT_MAGNITUDE) refers to transformfunctions.o(.text.arm_cfft_q15) for arm_cfft_q15
    fft_magnitude.o(FFT_MAGNITUDE) refers to convrt.o(main) for CONVRT
    fft_magnitude.o(FFT_MAGNITUDE) refers to commontables.o(.rodata.arm_cfft_sR_q15_len256) for arm_cfft_sR_q15_len256
    fft_magnitude.o(FFT_MAGNITUDE) refers to my_st_isr.o(MEMORY_FOR_READINGS) for MIC_READINGS
    fft_magnitude.o(FFT_MAGNITUDE) refers to project_params.o(PROJECT_PARAMS) for DOMINANT_FREQUENCY
    step_motor_isr.o(STEP_MOTOR_ISR) refers to full_step.o(FULL_STEP) for FULL_STEP
    led_power_isr.o(LED_POWER_ISR) refers to project_params.o(PROJECT_PARAMS) for WHICH_LED
    full_step.o(FULL_STEP) refers to project_params.o(PROJECT_PARAMS) for STEP_DIR
    project_params.o(PROJECT_PARAMS_INIT) refers to convrt.o(main) for CONVRT
    project_params.o(PROJECT_PARAMS_INIT) refers to project_params.o(PROJECT_PARAMS) for WHICH_LED
    onboard_switch_isr.o(ONBOARD_SWITCH_ISR) refers to project_params.o(PROJECT_PARAMS) for STEP_DIR
    adjust_step_frequency_led_pwm.o(ADJUST_STEP_FREQUENCY_LED_PWM) refers (Special) to project_params.o(PROJECT_PARAMS) for LOW
    screen_init.o(SCREEN_INIT) refers to delay.o(DELAY) for DELAY
    screen_init.o(SCREEN_INIT) refers to screen_send_char.o(SCREEN_SEND_CHAR) for SCREEN_SEND_CHAR
    update_screen.o(BITMAP_NOKIA) refers (Special) to project_params.o(PROJECT_PARAMS) for AMPLITUDE_DIGITS
    update_screen.o(UPDATE_SCREEN) refers (Special) to project_params.o(PROJECT_PARAMS) for AMPLITUDE_DIGITS
    update_screen.o(UPDATE_SCREEN) refers to screen_send_command.o(SCREEN_SEND_COMMAND) for SCREEN_SEND_COMMAND
    update_screen.o(UPDATE_SCREEN) refers to delay.o(DELAY) for DELAY
    update_screen.o(UPDATE_SCREEN) refers to screen_send_char.o(SCREEN_SEND_CHAR) for SCREEN_SEND_CHAR
    update_screen.o(UPDATE_SCREEN) refers to screen_find_which_number.o(SCREEN_FIND_WHICH_NUMBERS) for SCREEN_FIND_WHICH_NUMBERS
    update_screen.o(UPDATE_SCREEN) refers to convrt.o(main) for CONVRT
[...]
    Removing matrixfunctions.o(.text.arm_mat_cmplx_trans_q15), (74 bytes).
    Removing matrixfunctions.o(.ARM.exidx.text.arm_mat_cmplx_trans_q15), (8 bytes).
    Removing matrixfunctions.o(.text.arm_mat_cholesky_f64), (352 bytes).
    Removing matrixfunctions.o(.ARM.exidx.text.arm_mat_cholesky_f64), (8 bytes).
    Removing matrixfunctions.o(.text.arm_mat_cholesky_f32), (258 bytes).
    Removing matrixfunctions.o(.ARM.exidx.text.arm_mat_cholesky_f32), (8 bytes).
    Removing matrixfunctions.o(.text.arm_mat_solve_upper_triangular_f32), (190 bytes).
    Removing matrixfunctions.o(.ARM.exidx.text.arm_mat_solve_upper_triangular_f32), (8 bytes).
    Removing matrixfunctions.o(.text.arm_mat_solve_lower_triangular_f32), (164 bytes).
    Removing matrixfunctions.o(.ARM.exidx.text.arm_mat_solve_lower_triangular_f32), (8 bytes).
    Removing matrixfunctions.o(.text.arm_mat_solve_upper_triangular_f64), (296 bytes).
    Removing matrixfunctions.o(.ARM.exidx.text.arm_mat_solve_upper_triangular_f64), (8 bytes).
    Removing matrixfunctions.o(.text.arm_mat_solve_lower_triangular_f64), (264 bytes).
    Removing matrixfunctions.o(.ARM.exidx.text.arm_mat_solve_lower_triangular_f64), (8 bytes).
    Removing matrixfunctions.o(.text.arm_mat_ldlt_f32), (660 bytes).
    Removing matrixfunctions.o(.ARM.exidx.text.arm_mat_ldlt_f32), (8 bytes).
    Removing matrixfunctions.o(.text.arm_mat_ldlt_f64), (824 bytes).
    Removing matrixfunctions.o(.ARM.exidx.text.arm_mat_ldlt_f64), (8 bytes).
    Removing matrixfunctionsf16.o(.text), (0 bytes).
    Removing matrixfunctionsf16.o(.text.arm_mat_add_f16), (78 bytes).
    Removing matrixfunctionsf16.o(.ARM.exidx.text.arm_mat_add_f16), (8 bytes).
    Removing matrixfunctionsf16.o(.text.arm_mat_sub_f16), (78 bytes).
    Removing matrixfunctionsf16.o(.ARM.exidx.text.arm_mat_sub_f16), (8 bytes).
    Removing matrixfunctionsf16.o(.text.arm_mat_trans_f16), (58 bytes).
    Removing matrixfunctionsf16.o(.ARM.exidx.text.arm_mat_trans_f16), (8 bytes).
    Removing matrixfunctionsf16.o(.text.arm_mat_scale_f16), (64 bytes).
    Removing matrixfunctionsf16.o(.ARM.exidx.text.arm_mat_scale_f16), (8 bytes).
    Removing matrixfunctionsf16.o(.text.arm_mat_mult_f16), (172 bytes).
    Removing matrixfunctionsf16.o(.ARM.exidx.text.arm_mat_mult_f16), (8 bytes).
    Removing matrixfunctionsf16.o(.text.arm_mat_vec_mult_f16), (580 bytes).
    Removing matrixfunctionsf16.o(.ARM.exidx.text.arm_mat_vec_mult_f16), (8 bytes).
    Removing matrixfunctionsf16.o(.text.arm_mat_cmplx_trans_f16), (72 bytes).
    Removing matrixfunctionsf16.o(.ARM.exidx.text.arm_mat_cmplx_trans_f16), (8 bytes).
    Removing matrixfunctionsf16.o(.text.arm_mat_cmplx_mult_f16), (248 bytes).
    Removing matrixfunctionsf16.o(.ARM.exidx.text.arm_mat_cmplx_mult_f16), (8 bytes).
    Removing matrixfunctionsf16.o(.text.arm_mat_inverse_f16), (812 bytes).
    Removing matrixfunctionsf16.o(.ARM.exidx.text.arm_mat_inverse_f16), (8 bytes).
    Removing matrixfunctionsf16.o(.text.arm_mat_init_f16), (8 bytes).
    Removing matrixfunctionsf16.o(.ARM.exidx.text.arm_mat_init_f16), (8 bytes).
    Removing matrixfunctionsf16.o(.text.arm_mat_cholesky_f16), (324 bytes).
    Removing matrixfunctionsf16.o(.ARM.exidx.text.arm_mat_cholesky_f16), (8 bytes).
    Removing matrixfunctionsf16.o(.text.arm_mat_solve_upper_triangular_f16), (254 bytes).
    Removing matrixfunctionsf16.o(.ARM.exidx.text.arm_mat_solve_upper_triangular_f16), (8 bytes).
    Removing matrixfunctionsf16.o(.text.arm_mat_solve_lower_triangular_f16), (230 bytes).
    Removing matrixfunctionsf16.o(.ARM.exidx.text.arm_mat_solve_lower_triangular_f16), (8 bytes).
    Removing quaternionmathfunctions.o(.text), (0 bytes).
    Removing quaternionmathfunctions.o(.text.arm_quaternion_norm_f32), (102 bytes).
    Removing quaternionmathfunctions.o(.ARM.exidx.text.arm_quaternion_norm_f32), (8 bytes).
    Removing quaternionmathfunctions.o(.text.arm_quaternion_inverse_f32), (130 bytes).
    Removing quaternionmathfunctions.o(.ARM.exidx.text.arm_quaternion_inverse_f32), (8 bytes).
    Removing quaternionmathfunctions.o(.text.arm_quaternion_conjugate_f32), (62 bytes).
    Removing quaternionmathfunctions.o(.ARM.exidx.text.arm_quaternion_conjugate_f32), (8 bytes).
    Removing quaternionmathfunctions.o(.text.arm_quaternion_normalize_f32), (152 bytes).
    Removing quaternionmathfunctions.o(.ARM.exidx.text.arm_quaternion_normalize_f32), (8 bytes).
    Removing quaternionmathfunctions.o(.text.arm_quaternion_product_single_f32), (258 bytes).
    Removing quaternionmathfunctions.o(.ARM.exidx.text.arm_quaternion_product_single_f32), (8 bytes).
    Removing quaternionmathfunctions.o(.text.arm_quaternion_product_f32), (42 bytes).
    Removing quaternionmathfunctions.o(.ARM.exidx.text.arm_quaternion_product_f32), (8 bytes).
    Removing quaternionmathfunctions.o(.text.arm_quaternion2rotation_f32), (196 bytes).
    Removing quaternionmathfunctions.o(.ARM.exidx.text.arm_quaternion2rotation_f32), (8 bytes).
    Removing quaternionmathfunctions.o(.text.arm_rotation2quaternion_f32), (744 bytes).
    Removing quaternionmathfunctions.o(.ARM.exidx.text.arm_rotation2quaternion_f32), (8 bytes).
    Removing svmfunctions.o(.text), (0 bytes).
    Removing svmfunctions.o(.text.arm_svm_linear_init_f32), (24 bytes).
    Removing svmfunctions.o(.ARM.exidx.text.arm_svm_linear_init_f32), (8 bytes).
    Removing svmfunctions.o(.text.arm_svm_linear_predict_f32), (144 bytes).
    Removing svmfunctions.o(.ARM.exidx.text.arm_svm_linear_predict_f32), (8 bytes).
    Removing svmfunctions.o(.text.arm_svm_polynomial_init_f32), (40 bytes).
    Removing svmfunctions.o(.ARM.exidx.text.arm_svm_polynomial_init_f32), (8 bytes).
    Removing svmfunctions.o(.text.arm_svm_polynomial_predict_f32), (192 bytes).
    Removing svmfunctions.o(.ARM.exidx.text.arm_svm_polynomial_predict_f32), (8 bytes).
    Removing svmfunctions.o(.text.arm_exponent_f32), (28 bytes).
    Removing svmfunctions.o(.ARM.exidx.text.arm_exponent_f32), (8 bytes).
    Removing svmfunctions.o(.text.arm_svm_rbf_init_f32), (28 bytes).
    Removing svmfunctions.o(.ARM.exidx.text.arm_svm_rbf_init_f32), (8 bytes).
    Removing svmfunctions.o(.text.arm_svm_rbf_predict_f32), (172 bytes).
    Removing svmfunctions.o(.ARM.exidx.text.arm_svm_rbf_predict_f32), (8 bytes).
    Removing svmfunctions.o(.text.arm_svm_sigmoid_init_f32), (32 bytes).
    Removing svmfunctions.o(.ARM.exidx.text.arm_svm_sigmoid_init_f32), (8 bytes).
    Removing svmfunctions.o(.text.arm_svm_sigmoid_predict_f32), (176 bytes).
    Removing svmfunctions.o(.ARM.exidx.text.arm_svm_sigmoid_predict_f32), (8 bytes).
    Removing svmfunctionsf16.o(.text), (0 bytes).
    Removing svmfunctionsf16.o(.text.arm_svm_linear_init_f16), (26 bytes).
    Removing svmfunctionsf16.o(.ARM.exidx.text.arm_svm_linear_init_f16), (8 bytes).
    Removing svmfunctionsf16.o(.text.arm_svm_linear_predict_f16), (192 bytes).
    Removing svmfunctionsf16.o(.ARM.exidx.text.arm_svm_linear_predict_f16), (8 bytes).
    Removing svmfunctionsf16.o(.text.arm_svm_polynomial_init_f16), (44 bytes).
    Removing svmfunctionsf16.o(.ARM.exidx.text.arm_svm_polynomial_init_f16), (8 bytes).
    Removing svmfunctionsf16.o(.text.arm_svm_polynomial_predict_f16), (272 bytes).
    Removing svmfunctionsf16.o(.ARM.exidx.text.arm_svm_polynomial_predict_f16), (8 bytes).
    Removing svmfunctionsf16.o(.text.arm_exponent_f16), (54 bytes).
    Removing svmfunctionsf16.o(.ARM.exidx.text.arm_exponent_f16), (8 bytes).
    Removing svmfunctionsf16.o(.text.arm_svm_rbf_init_f16), (34 bytes).
    Removing svmfunctionsf16.o(.ARM.exidx.text.arm_svm_rbf_init_f16), (8 bytes).
    Removing svmfunctionsf16.o(.text.arm_svm_rbf_predict_f16), (244 bytes).
    Removing svmfunctionsf16.o(.ARM.exidx.text.arm_svm_rbf_predict_f16), (8 bytes).
    Removing svmfunctionsf16.o(.text.arm_svm_sigmoid_init_f16), (40 bytes).
    Removing svmfunctionsf16.o(.ARM.exidx.text.arm_svm_sigmoid_init_f16), (8 bytes).
    Removing svmfunctionsf16.o(.text.arm_svm_sigmoid_predict_f16), (260 bytes).
    Removing svmfunctionsf16.o(.ARM.exidx.text.arm_svm_sigmoid_predict_f16), (8 bytes).
    Removing statisticsfunctions.o(.text), (0 bytes).
    Removing statisticsfunctions.o(.text.arm_entropy_f32), (64 bytes).
    Removing statisticsfunctions.o(.ARM.exidx.text.arm_entropy_f32), (8 bytes).
    Removing statisticsfunctions.o(.text.arm_entropy_f64), (112 bytes).
    Removing statisticsfunctions.o(.ARM.exidx.text.arm_entropy_f64), (8 bytes).
    Removing statisticsfunctions.o(.text.arm_kullback_leibler_f32), (76 bytes).
    Removing statisticsfunctions.o(.ARM.exidx.text.arm_kullback_leibler_f32), (8 bytes).
    Removing statisticsfunctions.o(.text.arm_kullback_leibler_f64), (144 bytes).
    Removing statisticsfunctions.o(.ARM.exidx.text.arm_kullback_leibler_f64), (8 bytes).
    Removing statisticsfunctions.o(.text.arm_logsumexp_dot_prod_f32), (24 bytes).
    Removing statisticsfunctions.o(.ARM.exidx.text.arm_logsumexp_dot_prod_f32), (8 bytes).
    Removing statisticsfunctions.o(.text.arm_logsumexp_f32), (104 bytes).
    Removing statisticsfunctions.o(.ARM.exidx.text.arm_logsumexp_f32), (8 bytes).
    Removing statisticsfunctions.o(.text.arm_max_f32), (66 bytes).
    Removing statisticsfunctions.o(.ARM.exidx.text.arm_max_f32), (8 bytes).
    Removing statisticsfunctions.o(.text.arm_max_q15), (48 bytes).
    Removing statisticsfunctions.o(.ARM.exidx.text.arm_max_q15), (8 bytes).
    Removing statisticsfunctions.o(.text.arm_max_q31), (44 bytes).
    Removing statisticsfunctions.o(.ARM.exidx.text.arm_max_q31), (8 bytes).
    Removing statisticsfunctions.o(.text.arm_max_q7), (66 bytes).
    Removing statisticsfunctions.o(.ARM.exidx.text.arm_max_q7), (8 bytes).
    Removing statisticsfunctions.o(.text.arm_max_no_idx_f32), (44 bytes).
    Removing statisticsfunctions.o(.ARM.exidx.text.arm_max_no_idx_f32), (8 bytes).
    Removing statisticsfunctions.o(.text.arm_mean_f32), (56 bytes).
    Removing statisticsfunctions.o(.ARM.exidx.text.arm_mean_f32), (8 bytes).
    Removing statisticsfunctions.o(.text.arm_mean_q15), (36 bytes).
    Removing statisticsfunctions.o(.ARM.exidx.text.arm_mean_q15), (8 bytes).
    Removing statisticsfunctions.o(.text.arm_mean_q31), (48 bytes).
    Removing statisticsfunctions.o(.ARM.exidx.text.arm_mean_q31), (8 bytes).
    Removing statisticsfunctions.o(.text.arm_mean_q7), (36 bytes).
    Removing statisticsfunctions.o(.ARM.exidx.text.arm_mean_q7), (8 bytes).
    Removing statisticsfunctions.o(.text.arm_min_f32), (66 bytes).
    Removing statisticsfunctions.o(.ARM.exidx.text.arm_min_f32), (8 bytes).
    Removing statisticsfunctions.o(.text.arm_min_q15), (48 bytes).
    Removing statisticsfunctions.o(.ARM.exidx.text.arm_min_q15), (8 bytes).
    Removing statisticsfunctions.o(.text.arm_min_q31), (44 bytes).
    Removing statisticsfunctions.o(.ARM.exidx.text.arm_min_q31), (8 bytes).
    Removing statisticsfunctions.o(.text.arm_min_q7), (66 bytes).
    Removing statisticsfunctions.o(.ARM.exidx.text.arm_min_q7), (8 bytes).
    Removing statisticsfunctions.o(.text.arm_power_f32), (36 bytes).
    Removing statisticsfunctions.o(.ARM.exidx.text.arm_power_f32), (8 bytes).
    Removing statisticsfunctions.o(.text.arm_power_q15), (52 bytes).
    Removing statisticsfunctions.o(.ARM.exidx.text.arm_power_q15), (8 bytes).
    Removing statisticsfunctions.o(.text.arm_power_q31), (60 bytes).
    Removing statisticsfunctions.o(.ARM.exidx.text.arm_power_q31), (8 bytes).
    Removing statisticsfunctions.o(.text.arm_power_q7), (30 bytes).
    Removing statisticsfunctions.o(.ARM.exidx.text.arm_power_q7), (8 bytes).
    Removing statisticsfunctions.o(.text.arm_rms_f32), (104 bytes).
    Removing statisticsfunctions.o(.ARM.exidx.text.arm_rms_f32), (8 bytes).
    Removing statisticsfunctions.o(.text.arm_rms_q15), (66 bytes).
    Removing statisticsfunctions.o(.ARM.exidx.text.arm_rms_q15), (8 bytes).
    Removing statisticsfunctions.o(.text.arm_rms_q31), (70 bytes).
    Removing statisticsfunctions.o(.ARM.exidx.text.arm_rms_q31), (8 bytes).
    Removing statisticsfunctions.o(.text.arm_std_f32), (68 bytes).
    Removing statisticsfunctions.o(.ARM.exidx.text.arm_std_f32), (8 bytes).
    Removing statisticsfunctions.o(.text.arm_var_f32), (108 bytes).
    Removing statisticsfunctions.o(.ARM.exidx.text.arm_var_f32), (8 bytes).
    Removing statisticsfunctions.o(.text.arm_std_q15), (98 bytes).
    Removing statisticsfunctions.o(.ARM.exidx.text.arm_std_q15), (8 bytes).
    Removing statisticsfunctions.o(.text.arm_std_q31), (128 bytes).
    Removing statisticsfunctions.o(.ARM.exidx.text.arm_std_q31), (8 bytes).
    Removing statisticsfunctions.o(.text.arm_var_q15), (80 bytes).
    Removing statisticsfunctions.o(.ARM.exidx.text.arm_var_q15), (8 bytes).
    Removing statisticsfunctions.o(.text.arm_var_q31), (118 bytes).
    Removing statisticsfunctions.o(.ARM.exidx.text.arm_var_q31), (8 bytes).
    Removing statisticsfunctions.o(.text.arm_absmax_f32), (74 bytes).
    Removing statisticsfunctions.o(.ARM.exidx.text.arm_absmax_f32), (8 bytes).
    Removing statisticsfunctions.o(.text.arm_absmax_q15), (258 bytes).
    Removing statisticsfunctions.o(.ARM.exidx.text.arm_absmax_q15), (8 bytes).
    Removing statisticsfunctions.o(.text.arm_absmax_q31), (210 bytes).
    Removing statisticsfunctions.o(.ARM.exidx.text.arm_absmax_q31), (8 bytes).
    Removing statisticsfunctions.o(.text.arm_absmax_q7), (258 bytes).
    Removing statisticsfunctions.o(.ARM.exidx.text.arm_absmax_q7), (8 bytes).
    Removing statisticsfunctions.o(.text.arm_absmin_f32), (74 bytes).
    Removing statisticsfunctions.o(.ARM.exidx.text.arm_absmin_f32), (8 bytes).
    Removing statisticsfunctions.o(.text.arm_absmin_q15), (258 bytes).
    Removing statisticsfunctions.o(.ARM.exidx.text.arm_absmin_q15), (8 bytes).
    Removing statisticsfunctions.o(.text.arm_absmin_q31), (210 bytes).
    Removing statisticsfunctions.o(.ARM.exidx.text.arm_absmin_q31), (8 bytes).
    Removing statisticsfunctions.o(.text.arm_absmin_q7), (258 bytes).
    Removing statisticsfunctions.o(.ARM.exidx.text.arm_absmin_q7), (8 bytes).
    Removing statisticsfunctionsf16.o(.text), (0 bytes).
    Removing statisticsfunctionsf16.o(.text.arm_max_f16), (96 bytes).
    Removing statisticsfunctionsf16.o(.ARM.exidx.text.arm_max_f16), (8 bytes).
    Removing statisticsfunctionsf16.o(.text.arm_min_f16), (96 bytes).
    Removing statisticsfunctionsf16.o(.ARM.exidx.text.arm_min_f16), (8 bytes).
    Removing statisticsfunctionsf16.o(.text.arm_mean_f16), (84 bytes).
    Removing statisticsfunctionsf16.o(.ARM.exidx.text.arm_mean_f16), (8 bytes).
    Removing statisticsfunctionsf16.o(.text.arm_power_f16), (56 bytes).
    Removing statisticsfunctionsf16.o(.ARM.exidx.text.arm_power_f16), (8 bytes).
    Removing statisticsfunctionsf16.o(.text.arm_rms_f16), (144 bytes).
    Removing statisticsfunctionsf16.o(.ARM.exidx.text.arm_rms_f16), (8 bytes).
    Removing statisticsfunctionsf16.o(.text.arm_std_f16), (92 bytes).
    Removing statisticsfunctionsf16.o(.ARM.exidx.text.arm_std_f16), (8 bytes).
    Removing statisticsfunctionsf16.o(.text.arm_var_f16), (172 bytes).
    Removing statisticsfunctionsf16.o(.ARM.exidx.text.arm_var_f16), (8 bytes).
    Removing statisticsfunctionsf16.o(.text.arm_entropy_f16), (96 bytes).
    Removing statisticsfunctionsf16.o(.ARM.exidx.text.arm_entropy_f16), (8 bytes).
    Removing statisticsfunctionsf16.o(.text.arm_kullback_leibler_f16), (112 bytes).
    Removing statisticsfunctionsf16.o(.ARM.exidx.text.arm_kullback_leibler_f16), (8 bytes).
    Removing statisticsfunctionsf16.o(.text.arm_logsumexp_dot_prod_f16), (24 bytes).
    Removing statisticsfunctionsf16.o(.ARM.exidx.text.arm_logsumexp_dot_prod_f16), (8 bytes).
    Removing statisticsfunctionsf16.o(.text.arm_logsumexp_f16), (168 bytes).
    Removing statisticsfunctionsf16.o(.ARM.exidx.text.arm_logsumexp_f16), (8 bytes).
    Removing statisticsfunctionsf16.o(.text.arm_max_no_idx_f16), (64 bytes).
    Removing statisticsfunctionsf16.o(.ARM.exidx.text.arm_max_no_idx_f16), (8 bytes).
    Removing statisticsfunctionsf16.o(.text.arm_absmax_f16), (104 bytes).
    Removing statisticsfunctionsf16.o(.ARM.exidx.text.arm_absmax_f16), (8 bytes).
    Removing statisticsfunctionsf16.o(.text.arm_absmin_f16), (104 bytes).
    Removing statisticsfunctionsf16.o(.ARM.exidx.text.arm_absmin_f16), (8 bytes).
    Removing supportfunctions.o(.text), (0 bytes).
    Removing supportfunctions.o(.text.arm_barycenter_f32), (136 bytes).
    Removing supportfunctions.o(.ARM.exidx.text.arm_barycenter_f32), (8 bytes).
    Removing supportfunctions.o(.text.arm_bitonic_sort_f32), (82 bytes).
    Removing supportfunctions.o(.ARM.exidx.text.arm_bitonic_sort_f32), (8 bytes).
    Removing supportfunctions.o(.text.arm_bitonic_sort_core_f32), (168 bytes).
    Removing supportfunctions.o(.ARM.exidx.text.arm_bitonic_sort_core_f32), (8 bytes).
    Removing supportfunctions.o(.text.arm_bubble_sort_f32), (106 bytes).
    Removing supportfunctions.o(.ARM.exidx.text.arm_bubble_sort_f32), (8 bytes).
    Removing supportfunctions.o(.text.arm_copy_f32), (26 bytes).
    Removing supportfunctions.o(.ARM.exidx.text.arm_copy_f32), (8 bytes).
    Removing supportfunctions.o(.text.arm_copy_q15), (26 bytes).
    Removing supportfunctions.o(.ARM.exidx.text.arm_copy_q15), (8 bytes).
    Removing supportfunctions.o(.text.arm_copy_q31), (26 bytes).
    Removing supportfunctions.o(.ARM.exidx.text.arm_copy_q31), (8 bytes).
    Removing supportfunctions.o(.text.arm_copy_q7), (26 bytes).
    Removing supportfunctions.o(.ARM.exidx.text.arm_copy_q7), (8 bytes).
    Removing supportfunctions.o(.text.arm_fill_f32), (20 bytes).
    Removing supportfunctions.o(.ARM.exidx.text.arm_fill_f32), (8 bytes).
    Removing supportfunctions.o(.text.arm_fill_q15), (18 bytes).
    Removing supportfunctions.o(.ARM.exidx.text.arm_fill_q15), (8 bytes).
    Removing supportfunctions.o(.text.arm_fill_q31), (18 bytes).
    Removing supportfunctions.o(.ARM.exidx.text.arm_fill_q31), (8 bytes).
    Removing supportfunctions.o(.text.arm_fill_q7), (26 bytes).
    Removing supportfunctions.o(.ARM.exidx.text.arm_fill_q7), (8 bytes).
    Removing supportfunctions.o(.text.arm_heap_sort_f32), (102 bytes).
    Removing supportfunctions.o(.ARM.exidx.text.arm_heap_sort_f32), (8 bytes).
    Removing supportfunctions.o(.text.arm_heapify), (126 bytes).
    Removing supportfunctions.o(.ARM.exidx.text.arm_heapify), (8 bytes).
    Removing supportfunctions.o(.text.arm_insertion_sort_f32), (102 bytes).
    Removing supportfunctions.o(.ARM.exidx.text.arm_insertion_sort_f32), (8 bytes).
    Removing supportfunctions.o(.text.arm_merge_sort_f32), (64 bytes).
    Removing supportfunctions.o(.ARM.exidx.text.arm_merge_sort_f32), (8 bytes).
    Removing supportfunctions.o(.text.arm_merge_sort_core_f32), (86 bytes).
    Removing supportfunctions.o(.ARM.exidx.text.arm_merge_sort_core_f32), (8 bytes).
    Removing supportfunctions.o(.text.arm_merge_sort_init_f32), (6 bytes).
    Removing supportfunctions.o(.ARM.exidx.text.arm_merge_sort_init_f32), (8 bytes).
    Removing supportfunctions.o(.text.arm_quick_sort_f32), (38 bytes).
    Removing supportfunctions.o(.ARM.exidx.text.arm_quick_sort_f32), (8 bytes).
    Removing supportfunctions.o(.text.arm_quick_sort_core_f32), (56 bytes).
    Removing supportfunctions.o(.ARM.exidx.text.arm_quick_sort_core_f32), (8 bytes).
    Removing supportfunctions.o(.text.arm_selection_sort_f32), (158 bytes).
    Removing supportfunctions.o(.ARM.exidx.text.arm_selection_sort_f32), (8 bytes).
    Removing supportfunctions.o(.text.arm_sort_f32), (60 bytes).
    Removing supportfunctions.o(.ARM.exidx.text.arm_sort_f32), (8 bytes).
    Removing supportfunctions.o(.text.arm_sort_init_f32), (6 bytes).
    Removing supportfunctions.o(.ARM.exidx.text.arm_sort_init_f32), (8 bytes).
    Removing supportfunctions.o(.text.arm_weighted_sum_f32), (64 bytes).
    Removing supportfunctions.o(.ARM.exidx.text.arm_weighted_sum_f32), (8 bytes).
    Removing supportfunctions.o(.text.arm_float_to_q15), (52 bytes).
    Removing supportfunctions.o(.ARM.exidx.text.arm_float_to_q15), (8 bytes).
    Removing supportfunctions.o(.text.arm_float_to_q31), (76 bytes).
    Removing supportfunctions.o(.ARM.exidx.text.arm_float_to_q31), (8 bytes).
    Removing supportfunctions.o(.text.arm_float_to_q7), (52 bytes).
    Removing supportfunctions.o(.ARM.exidx.text.arm_float_to_q7), (8 bytes).
    Removing supportfunctions.o(.text.arm_q15_to_float), (52 bytes).
    Removing supportfunctions.o(.ARM.exidx.text.arm_q15_to_float), (8 bytes).
    Removing supportfunctions.o(.text.arm_q15_to_q31), (30 bytes).
    Removing supportfunctions.o(.ARM.exidx.text.arm_q15_to_q31), (8 bytes).
    Removing supportfunctions.o(.text.arm_q15_to_q7), (26 bytes).
    Removing supportfunctions.o(.ARM.exidx.text.arm_q15_to_q7), (8 bytes).
    Removing supportfunctions.o(.text.arm_q31_to_float), (52 bytes).
    Removing supportfunctions.o(.ARM.exidx.text.arm_q31_to_float), (8 bytes).
    Removing supportfunctions.o(.text.arm_q31_to_q15), (26 bytes).
    Removing supportfunctions.o(.ARM.exidx.text.arm_q31_to_q15), (8 bytes).
    Removing supportfunctions.o(.text.arm_q31_to_q7), (26 bytes).
    Removing supportfunctions.o(.ARM.exidx.text.arm_q31_to_q7), (8 bytes).
    Removing supportfunctions.o(.text.arm_q7_to_float), (52 bytes).
    Removing supportfunctions.o(.ARM.exidx.text.arm_q7_to_float), (8 bytes).
    Removing supportfunctions.o(.text.arm_q7_to_q15), (30 bytes).
    Removing supportfunctions.o(.ARM.exidx.text.arm_q7_to_q15), (8 bytes).
    Removing supportfunctions.o(.text.arm_q7_to_q31), (30 bytes).
    Removing supportfunctions.o(.ARM.exidx.text.arm_q7_to_q31), (8 bytes).
    Removing supportfunctions.o(.text.topDownMerge), (96 bytes).
    Removing supportfunctions.o(.ARM.exidx.text.topDownMerge), (8 bytes).
    Removing supportfunctions.o(.text.arm_quick_sort_partition_f32), (168 bytes).
    Removing supportfunctions.o(.ARM.exidx.text.arm_quick_sort_partition_f32), (8 bytes).
    Removing supportfunctionsf16.o(.text), (0 bytes).
    Removing supportfunctionsf16.o(.text.arm_copy_f16), (26 bytes).
    Removing supportfunctionsf16.o(.ARM.exidx.text.arm_copy_f16), (8 bytes).
    Removing supportfunctionsf16.o(.text.arm_fill_f16), (30 bytes).
    Removing supportfunctionsf16.o(.ARM.exidx.text.arm_fill_f16), (8 bytes).
    Removing supportfunctionsf16.o(.text.arm_f16_to_q15), (96 bytes).
    Removing supportfunctionsf16.o(.ARM.exidx.text.arm_f16_to_q15), (8 bytes).
    Removing supportfunctionsf16.o(.text.arm_f16_to_float), (38 bytes).
    Removing supportfunctionsf16.o(.ARM.exidx.text.arm_f16_to_float), (8 bytes).
    Removing supportfunctionsf16.o(.text.arm_q15_to_f16), (64 bytes).
    Removing supportfunctionsf16.o(.ARM.exidx.text.arm_q15_to_f16), (8 bytes).
    Removing supportfunctionsf16.o(.text.arm_float_to_f16), (36 bytes).
    Removing supportfunctionsf16.o(.ARM.exidx.text.arm_float_to_f16), (8 bytes).
    Removing supportfunctionsf16.o(.text.arm_weighted_sum_f16), (112 bytes).
    Removing supportfunctionsf16.o(.ARM.exidx.text.arm_weighted_sum_f16), (8 bytes).
    Removing supportfunctionsf16.o(.text.arm_barycenter_f16), (172 bytes).
    Removing supportfunctionsf16.o(.ARM.exidx.text.arm_barycenter_f16), (8 bytes).
    Removing transformfunctions.o(.text), (0 bytes).
    Removing transformfunctions.o(.text.arm_bitreversal_f32), (170 bytes).
    Removing transformfunctions.o(.ARM.exidx.text.arm_bitreversal_f32), (8 bytes).
    Removing transformfunctions.o(.text.arm_bitreversal_q31), (162 bytes).
    Removing transformfunctions.o(.ARM.exidx.text.arm_bitreversal_q31), (8 bytes).
    Removing transformfunctions.o(.text.arm_bitreversal_q15), (116 bytes).
    Removing transformfunctions.o(.ARM.exidx.text.arm_bitreversal_q15), (8 bytes).
    Removing transformfunctions.o(.text.arm_bitreversal_64), (142 bytes).
    Removing transformfunctions.o(.ARM.exidx.text.arm_bitreversal_64), (8 bytes).
    Removing transformfunctions.o(.text.arm_bitreversal_32), (72 bytes).
    Removing transformfunctions.o(.ARM.exidx.text.arm_bitreversal_32), (8 bytes).
    Removing transformfunctions.o(.ARM.exidx.text.arm_bitreversal_16), (8 bytes).
    Removing transformfunctions.o(.text.arm_cfft_radix8by2_f32), (432 bytes).
    Removing transformfunctions.o(.ARM.exidx.text.arm_cfft_radix8by2_f32), (8 bytes).
    Removing transformfunctions.o(.text.arm_radix8_butterfly_f32), (1458 bytes).
    Removing transformfunctions.o(.ARM.exidx.text.arm_radix8_butterfly_f32), (8 bytes).
    Removing transformfunctions.o(.text.arm_cfft_radix8by4_f32), (1232 bytes).
    Removing transformfunctions.o(.ARM.exidx.text.arm_cfft_radix8by4_f32), (8 bytes).
    Removing transformfunctions.o(.text.arm_cfft_f32), (238 bytes).
    Removing transformfunctions.o(.ARM.exidx.text.arm_cfft_f32), (8 bytes).
    Removing transformfunctions.o(.text.arm_radix4_butterfly_f64), (950 bytes).
    Removing transformfunctions.o(.ARM.exidx.text.arm_radix4_butterfly_f64), (8 bytes).
    Removing transformfunctions.o(.text.arm_cfft_radix4by2_f64), (366 bytes).
    Removing transformfunctions.o(.ARM.exidx.text.arm_cfft_radix4by2_f64), (8 bytes).
    Removing transformfunctions.o(.text.arm_cfft_f64), (312 bytes).
    Removing transformfunctions.o(.ARM.exidx.text.arm_cfft_f64), (8 bytes).
    Removing transformfunctions.o(.ARM.exidx.text.arm_cfft_q15), (8 bytes).
    Removing transformfunctions.o(.ARM.exidx.text.arm_radix4_butterfly_inverse_q15), (8 bytes).
    Removing transformfunctions.o(.ARM.exidx.text.arm_cfft_radix4by2_inverse_q15), (8 bytes).
    Removing transformfunctions.o(.ARM.exidx.text.arm_radix4_butterfly_q15), (8 bytes).
    Removing transformfunctions.o(.ARM.exidx.text.arm_cfft_radix4by2_q15), (8 bytes).
    Removing transformfunctions.o(.text.arm_cfft_q31), (214 bytes).
    Removing transformfunctions.o(.ARM.exidx.text.arm_cfft_q31), (8 bytes).
    Removing transformfunctions.o(.text.arm_radix4_butterfly_inverse_q31), (924 bytes).
    Removing transformfunctions.o(.ARM.exidx.text.arm_radix4_butterfly_inverse_q31), (8 bytes).
    Removing transformfunctions.o(.text.arm_cfft_radix4by2_inverse_q31), (228 bytes).
    Removing transformfunctions.o(.ARM.exidx.text.arm_cfft_radix4by2_inverse_q31), (8 bytes).
    Removing transformfunctions.o(.text.arm_radix4_butterfly_q31), (966 bytes).
    Removing transformfunctions.o(.ARM.exidx.text.arm_radix4_butterfly_q31), (8 bytes).
    Removing transformfunctions.o(.text.arm_cfft_radix4by2_q31), (246 bytes).
    Removing transformfunctions.o(.ARM.exidx.text.arm_cfft_radix4by2_q31), (8 bytes).
    Removing transformfunctions.o(.text.arm_cfft_init_f32), (180 bytes).
    Removing transformfunctions.o(.ARM.exidx.text.arm_cfft_init_f32), (8 bytes).
    Removing transformfunctions.o(.text.arm_cfft_init_f64), (180 bytes).
    Removing transformfunctions.o(.ARM.exidx.text.arm_cfft_init_f64), (8 bytes).
    Removing transformfunctions.o(.text.arm_cfft_init_q15), (180 bytes).
    Removing transformfunctions.o(.ARM.exidx.text.arm_cfft_init_q15), (8 bytes).
    Removing transformfunctions.o(.text.arm_cfft_init_q31), (180 bytes).
    Removing transformfunctions.o(.ARM.exidx.text.arm_cfft_init_q31), (8 bytes).
    Removing transformfunctions.o(.text.arm_cfft_radix2_f32), (62 bytes).
    Removing transformfunctions.o(.ARM.exidx.text.arm_cfft_radix2_f32), (8 bytes).
    Removing transformfunctions.o(.text.arm_radix2_butterfly_inverse_f32), (402 bytes).
    Removing transformfunctions.o(.ARM.exidx.text.arm_radix2_butterfly_inverse_f32), (8 bytes).
    Removing transformfunctions.o(.text.arm_radix2_butterfly_f32), (382 bytes).
    Removing transformfunctions.o(.ARM.exidx.text.arm_radix2_butterfly_f32), (8 bytes).
    Removing transformfunctions.o(.text.arm_cfft_radix2_q15), (48 bytes).
    Removing transformfunctions.o(.ARM.exidx.text.arm_cfft_radix2_q15), (8 bytes).
    Removing transformfunctions.o(.text.arm_radix2_butterfly_inverse_q15), (442 bytes).
    Removing transformfunctions.o(.ARM.exidx.text.arm_radix2_butterfly_inverse_q15), (8 bytes).
    Removing transformfunctions.o(.text.arm_radix2_butterfly_q15), (444 bytes).
    Removing transformfunctions.o(.ARM.exidx.text.arm_radix2_butterfly_q15), (8 bytes).
    Removing transformfunctions.o(.text.arm_cfft_radix2_q31), (48 bytes).
    Removing transformfunctions.o(.ARM.exidx.text.arm_cfft_radix2_q31), (8 bytes).
    Removing transformfunctions.o(.text.arm_radix2_butterfly_inverse_q31), (464 bytes).
    Removing transformfunctions.o(.ARM.exidx.text.arm_radix2_butterfly_inverse_q31), (8 bytes).
    Removing transformfunctions.o(.text.arm_radix2_butterfly_q31), (484 bytes).
    Removing transformfunctions.o(.ARM.exidx.text.arm_radix2_butterfly_q31), (8 bytes).
    Removing transformfunctions.o(.text.arm_cfft_radix4_f32), (62 bytes).
    Removing transformfunctions.o(.ARM.exidx.text.arm_cfft_radix4_f32), (8 bytes).
    Removing transformfunctions.o(.text.arm_radix4_butterfly_inverse_f32), (658 bytes).
    Removing transformfunctions.o(.ARM.exidx.text.arm_radix4_butterfly_inverse_f32), (8 bytes).
    Removing transformfunctions.o(.text.arm_radix4_butterfly_f32), (432 bytes).
    Removing transformfunctions.o(.ARM.exidx.text.arm_radix4_butterfly_f32), (8 bytes).
    Removing transformfunctions.o(.text.arm_cfft_radix4_q15), (54 bytes).
    Removing transformfunctions.o(.ARM.exidx.text.arm_cfft_radix4_q15), (8 bytes).
    Removing transformfunctions.o(.text.arm_cfft_radix4_q31), (54 bytes).
    Removing transformfunctions.o(.ARM.exidx.text.arm_cfft_radix4_q31), (8 bytes).
    Removing transformfunctions.o(.text.stage_rfft_f32), (174 bytes).
    Removing transformfunctions.o(.ARM.exidx.text.stage_rfft_f32), (8 bytes).
    Removing transformfunctions.o(.text.merge_rfft_f32), (182 bytes).
    Removing transformfunctions.o(.ARM.exidx.text.merge_rfft_f32), (8 bytes).
    Removing transformfunctions.o(.text.arm_rfft_fast_f32), (66 bytes).
    Removing transformfunctions.o(.ARM.exidx.text.arm_rfft_fast_f32), (8 bytes).
    Removing transformfunctions.o(.text.stage_rfft_f64), (456 bytes).
    Removing transformfunctions.o(.ARM.exidx.text.stage_rfft_f64), (8 bytes).
    Removing transformfunctions.o(.text.merge_rfft_f64), (440 bytes).
    Removing transformfunctions.o(.ARM.exidx.text.merge_rfft_f64), (8 bytes).
    Removing transformfunctions.o(.text.arm_rfft_fast_f64), (72 bytes).
    Removing transformfunctions.o(.ARM.exidx.text.arm_rfft_fast_f64), (8 bytes).
    Removing transformfunctions.o(.text.arm_rfft_fast_init_f32), (154 bytes).
    Removing transformfunctions.o(.ARM.exidx.text.arm_rfft_fast_init_f32), (8 bytes).
    Removing transformfunctions.o(.text.arm_rfft_4096_fast_init_f32), (48 bytes).
    Removing transformfunctions.o(.ARM.exidx.text.arm_rfft_4096_fast_init_f32), (8 bytes).
    Removing transformfunctions.o(.text.arm_rfft_2048_fast_init_f32), (48 bytes).
    Removing transformfunctions.o(.ARM.exidx.text.arm_rfft_2048_fast_init_f32), (8 bytes).
    Removing transformfunctions.o(.text.arm_rfft_1024_fast_init_f32), (48 bytes).
    Removing transformfunctions.o(.ARM.exidx.text.arm_rfft_1024_fast_init_f32), (8 bytes).
    Removing transformfunctions.o(.text.arm_rfft_512_fast_init_f32), (48 bytes).
    Removing transformfunctions.o(.ARM.exidx.text.arm_rfft_512_fast_init_f32), (8 bytes).
    Removing transformfunctions.o(.text.arm_rfft_256_fast_init_f32), (46 bytes).
    Removing transformfunctions.o(.ARM.exidx.text.arm_rfft_256_fast_init_f32), (8 bytes).
    Removing transformfunctions.o(.text.arm_rfft_128_fast_init_f32), (44 bytes).
    Removing transformfunctions.o(.ARM.exidx.text.arm_rfft_128_fast_init_f32), (8 bytes).
    Removing transformfunctions.o(.text.arm_rfft_64_fast_init_f32), (44 bytes).
    Removing transformfunctions.o(.ARM.exidx.text.arm_rfft_64_fast_init_f32), (8 bytes).
    Removing transformfunctions.o(.text.arm_rfft_32_fast_init_f32), (44 bytes).
    Removing transformfunctions.o(.ARM.exidx.text.arm_rfft_32_fast_init_f32), (8 bytes).
    Removing transformfunctions.o(.text.arm_rfft_fast_init_f64), (154 bytes).
    Removing transformfunctions.o(.ARM.exidx.text.arm_rfft_fast_init_f64), (8 bytes).
    Removing transformfunctions.o(.text.arm_rfft_4096_fast_init_f64), (62 bytes).
    Removing transformfunctions.o(.ARM.exidx.text.arm_rfft_4096_fast_init_f64), (8 bytes).
    Removing transformfunctions.o(.text.arm_rfft_2048_fast_init_f64), (62 bytes).
    Removing transformfunctions.o(.ARM.exidx.text.arm_rfft_2048_fast_init_f64), (8 bytes).
    Removing transformfunctions.o(.text.arm_rfft_1024_fast_init_f64), (62 bytes).
    Removing transformfunctions.o(.ARM.exidx.text.arm_rfft_1024_fast_init_f64), (8 bytes).
    Removing transformfunctions.o(.text.arm_rfft_512_fast_init_f64), (60 bytes).
    Removing transformfunctions.o(.ARM.exidx.text.arm_rfft_512_fast_init_f64), (8 bytes).
    Removing transformfunctions.o(.text.arm_rfft_256_fast_init_f64), (58 bytes).
    Removing transformfunctions.o(.ARM.exidx.text.arm_rfft_256_fast_init_f64), (8 bytes).
    Removing transformfunctions.o(.text.arm_rfft_128_fast_init_f64), (56 bytes).
    Removing transformfunctions.o(.ARM.exidx.text.arm_rfft_128_fast_init_f64), (8 bytes).
    Removing transformfunctions.o(.text.arm_rfft_64_fast_init_f64), (56 bytes).
    Removing transformfunctions.o(.ARM.exidx.text.arm_rfft_64_fast_init_f64), (8 bytes).
    Removing transformfunctions.o(.text.arm_rfft_32_fast_init_f64), (56 bytes).
    Removing transformfunctions.o(.ARM.exidx.text.arm_rfft_32_fast_init_f64), (8 bytes).
    Removing transformfunctions.o(.text.arm_dct4_f32), (214 bytes).
    Removing transformfunctions.o(.ARM.exidx.text.arm_dct4_f32), (8 bytes).
    Removing transformfunctions.o(.text.arm_rfft_f32), (136 bytes).
    Removing transformfunctions.o(.ARM.exidx.text.arm_rfft_f32), (8 bytes).
    Removing transformfunctions.o(.text.arm_dct4_init_f32), (152 bytes).
    Removing transformfunctions.o(.ARM.exidx.text.arm_dct4_init_f32), (8 bytes).
    Removing transformfunctions.o(.text.arm_rfft_init_f32), (116 bytes).
    Removing transformfunctions.o(.ARM.exidx.text.arm_rfft_init_f32), (8 bytes).
    Removing transformfunctions.o(.text.arm_dct4_init_q15), (142 bytes).
    Removing transformfunctions.o(.ARM.exidx.text.arm_dct4_init_q15), (8 bytes).
    Removing transformfunctions.o(.text.arm_rfft_init_q15), (212 bytes).
    Removing transformfunctions.o(.ARM.exidx.text.arm_rfft_init_q15), (8 bytes).
    Removing transformfunctions.o(.text.arm_dct4_init_q31), (142 bytes).
    Removing transformfunctions.o(.ARM.exidx.text.arm_dct4_init_q31), (8 bytes).
    Removing transformfunctions.o(.text.arm_rfft_init_q31), (212 bytes).
    Removing transformfunctions.o(.ARM.exidx.text.arm_rfft_init_q31), (8 bytes).
    Removing transformfunctions.o(.text.arm_dct4_q15), (198 bytes).
    Removing transformfunctions.o(.ARM.exidx.text.arm_dct4_q15), (8 bytes).
    Removing transformfunctions.o(.text.arm_rfft_q15), (110 bytes).
    Removing transformfunctions.o(.ARM.exidx.text.arm_rfft_q15), (8 bytes).
    Removing transformfunctions.o(.text.arm_dct4_q31), (220 bytes).
    Removing transformfunctions.o(.ARM.exidx.text.arm_dct4_q31), (8 bytes).
    Removing transformfunctions.o(.text.arm_rfft_q31), (110 bytes).
    Removing transformfunctions.o(.ARM.exidx.text.arm_rfft_q31), (8 bytes).
    Removing transformfunctions.o(.text.arm_split_rifft_f32), (140 bytes).
    Removing transformfunctions.o(.ARM.exidx.text.arm_split_rifft_f32), (8 bytes).
    Removing transformfunctions.o(.text.arm_split_rfft_f32), (256 bytes).
    Removing transformfunctions.o(.ARM.exidx.text.arm_split_rfft_f32), (8 bytes).
    Removing transformfunctions.o(.text.arm_split_rifft_q15), (88 bytes).
    Removing transformfunctions.o(.ARM.exidx.text.arm_split_rifft_q15), (8 bytes).
    Removing transformfunctions.o(.text.arm_split_rfft_q15), (180 bytes).
    Removing transformfunctions.o(.ARM.exidx.text.arm_split_rfft_q15), (8 bytes).
    Removing transformfunctions.o(.text.arm_split_rifft_q31), (136 bytes).
    Removing transformfunctions.o(.ARM.exidx.text.arm_split_rifft_q31), (8 bytes).
    Removing transformfunctions.o(.text.arm_split_rfft_q31), (274 bytes).
    Removing transformfunctions.o(.ARM.exidx.text.arm_split_rfft_q31), (8 bytes).
    Removing transformfunctions.o(.text.arm_cfft_radix4_init_f32), (148 bytes).
    Removing transformfunctions.o(.ARM.exidx.text.arm_cfft_radix4_init_f32), (8 bytes).
    Removing transformfunctions.o(.text.arm_cfft_radix4_init_q15), (102 bytes).
    Removing transformfunctions.o(.ARM.exidx.text.arm_cfft_radix4_init_q15), (8 bytes).
    Removing transformfunctions.o(.text.arm_cfft_radix4_init_q31), (102 bytes).
    Removing transformfunctions.o(.ARM.exidx.text.arm_cfft_radix4_init_q31), (8 bytes).
    Removing transformfunctions.o(.text.arm_cfft_radix2_init_f32), (228 bytes).
    Removing transformfunctions.o(.ARM.exidx.text.arm_cfft_radix2_init_f32), (8 bytes).
    Removing transformfunctions.o(.text.arm_cfft_radix2_init_q15), (152 bytes).
    Removing transformfunctions.o(.ARM.exidx.text.arm_cfft_radix2_init_q15), (8 bytes).
    Removing transformfunctions.o(.text.arm_cfft_radix2_init_q31), (152 bytes).
    Removing transformfunctions.o(.ARM.exidx.text.arm_cfft_radix2_init_q31), (8 bytes).
    Removing transformfunctionsf16.o(.text), (0 bytes).
    Removing transformfunctionsf16.o(.text.arm_cfft_f16), (270 bytes).
    Removing transformfunctionsf16.o(.ARM.exidx.text.arm_cfft_f16), (8 bytes).
    Removing transformfunctionsf16.o(.text.arm_radix4_butterfly_f16), (1390 bytes).
    Removing transformfunctionsf16.o(.ARM.exidx.text.arm_radix4_butterfly_f16), (8 bytes).
    Removing transformfunctionsf16.o(.text.arm_cfft_radix4by2_f16), (220 bytes).
    Removing transformfunctionsf16.o(.ARM.exidx.text.arm_cfft_radix4by2_f16), (8 bytes).
    Removing transformfunctionsf16.o(.text.arm_cfft_init_f16), (180 bytes).
    Removing transformfunctionsf16.o(.ARM.exidx.text.arm_cfft_init_f16), (8 bytes).
    Removing transformfunctionsf16.o(.text.arm_cfft_radix2_f16), (64 bytes).
    Removing transformfunctionsf16.o(.ARM.exidx.text.arm_cfft_radix2_f16), (8 bytes).
    Removing transformfunctionsf16.o(.text.arm_radix2_butterfly_inverse_f16), (602 bytes).
    Removing transformfunctionsf16.o(.ARM.exidx.text.arm_radix2_butterfly_inverse_f16), (8 bytes).
    Removing transformfunctionsf16.o(.text.arm_radix2_butterfly_f16), (554 bytes).
    Removing transformfunctionsf16.o(.ARM.exidx.text.arm_radix2_butterfly_f16), (8 bytes).
    Removing transformfunctionsf16.o(.text.arm_bitreversal_f16), (162 bytes).
    Removing transformfunctionsf16.o(.ARM.exidx.text.arm_bitreversal_f16), (8 bytes).
    Removing transformfunctionsf16.o(.text.arm_cfft_radix4_f16), (64 bytes).
    Removing transformfunctionsf16.o(.ARM.exidx.text.arm_cfft_radix4_f16), (8 bytes).
    Removing transformfunctionsf16.o(.text.arm_radix4_butterfly_inverse_f16), (1436 bytes).
    Removing transformfunctionsf16.o(.ARM.exidx.text.arm_radix4_butterfly_inverse_f16), (8 bytes).
    Removing transformfunctionsf16.o(.text.arm_rfft_fast_init_f16), (154 bytes).
    Removing transformfunctionsf16.o(.ARM.exidx.text.arm_rfft_fast_init_f16), (8 bytes).
    Removing transformfunctionsf16.o(.text.arm_rfft_4096_fast_init_f16), (48 bytes).
    Removing transformfunctionsf16.o(.ARM.exidx.text.arm_rfft_4096_fast_init_f16), (8 bytes).
    Removing transformfunctionsf16.o(.text.arm_rfft_2048_fast_init_f16), (48 bytes).
    Removing transformfunctionsf16.o(.ARM.exidx.text.arm_rfft_2048_fast_init_f16), (8 bytes).
    Removing transformfunctionsf16.o(.text.arm_rfft_1024_fast_init_f16), (48 bytes).
    Removing transformfunctionsf16.o(.ARM.exidx.text.arm_rfft_1024_fast_init_f16), (8 bytes).
    Removing transformfunctionsf16.o(.text.arm_rfft_512_fast_init_f16), (48 bytes).
    Removing transformfunctionsf16.o(.ARM.exidx.text.arm_rfft_512_fast_init_f16), (8 bytes).
    Removing transformfunctionsf16.o(.text.arm_rfft_256_fast_init_f16), (46 bytes).
    Removing transformfunctionsf16.o(.ARM.exidx.text.arm_rfft_256_fast_init_f16), (8 bytes).
    Removing transformfunctionsf16.o(.text.arm_rfft_128_fast_init_f16), (44 bytes).
    Removing transformfunctionsf16.o(.ARM.exidx.text.arm_rfft_128_fast_init_f16), (8 bytes).
    Removing transformfunctionsf16.o(.text.arm_rfft_64_fast_init_f16), (44 bytes).
    Removing transformfunctionsf16.o(.ARM.exidx.text.arm_rfft_64_fast_init_f16), (8 bytes).
    Removing transformfunctionsf16.o(.text.arm_rfft_32_fast_init_f16), (44 bytes).
    Removing transformfunctionsf16.o(.ARM.exidx.text.arm_rfft_32_fast_init_f16), (8 bytes).
    Removing transformfunctionsf16.o(.text.stage_rfft_f16), (272 bytes).
    Removing transformfunctionsf16.o(.ARM.exidx.text.stage_rfft_f16), (8 bytes).
    Removing transformfunctionsf16.o(.text.merge_rfft_f16), (270 bytes).
    Removing transformfunctionsf16.o(.ARM.exidx.text.merge_rfft_f16), (8 bytes).
    Removing transformfunctionsf16.o(.text.arm_rfft_fast_f16), (66 bytes).
    Removing transformfunctionsf16.o(.ARM.exidx.text.arm_rfft_fast_f16), (8 bytes).
    Removing transformfunctionsf16.o(.text.arm_radix8_butterfly_f16), (2158 bytes).
    Removing transformfunctionsf16.o(.ARM.exidx.text.arm_radix8_butterfly_f16), (8 bytes).
    Removing transformfunctionsf16.o(.text.arm_cfft_radix2_init_f16), (236 bytes).
    Removing transformfunctionsf16.o(.ARM.exidx.text.arm_cfft_radix2_init_f16), (8 bytes).
    Removing transformfunctionsf16.o(.text.arm_cfft_radix4_init_f16), (152 bytes).
    Removing transformfunctionsf16.o(.ARM.exidx.text.arm_cfft_radix4_init_f16), (8 bytes).

1359 unused section(s) (total 1072088 bytes) removed from the image.

==============================================================================

Image Symbol Table

    Local Symbols

    Symbol Name                              Value     Ov Type        Size  Object(Section)

    ../clib/angel/rt.s                       0x00000000   Number         0  aeabi_ldiv0.o ABSOLUTE
    ../clib/angel/rt.s                       0x00000000   Number         0  aeabi_ldiv0_sigfpe.o ABSOLUTE
    ../clib/angel/rt.s                       0x00000000   Number         0  rt_div0.o ABSOLUTE
    ../clib/angel/rt.s                       0x00000000   Number         0  rt_errno_addr.o ABSOLUTE
    ../clib/angel/rt.s                       0x00000000   Number         0  rt_errno_addr_intlibspace.o ABSOLUTE
    ../clib/angel/rt.s                       0x00000000   Number         0  rt_raise.o ABSOLUTE
    ../clib/angel/sys.s                      0x00000000   Number         0  libspace.o ABSOLUTE
    ../clib/angel/sys.s                      0x00000000   Number         0  use_no_semi.o ABSOLUTE
    ../clib/angel/sys.s                      0x00000000   Number         0  indicate_semi.o ABSOLUTE
    ../clib/angel/sysapp.c                   0x00000000   Number         0  sys_exit.o ABSOLUTE
    ../clib/angel/sysapp.c                   0x00000000   Number         0  sys_exit_hlt.o ABSOLUTE
    ../clib/angel/sysapp.c                   0x00000000   Number         0  sys_wrch.o ABSOLUTE
    ../clib/angel/sysapp.c                   0x00000000   Number         0  sys_wrch_hlt.o ABSOLUTE
    ../clib/fenv.c                           0x00000000   Number         0  _rserrno.o ABSOLUTE
    ../clib/heapaux.c                        0x00000000   Number         0  heapauxi.o ABSOLUTE
    ../clib/longlong.s                       0x00000000   Number         0  lludivv7m.o ABSOLUTE
    ../clib/longlong.s                       0x00000000   Number         0  llsdiv.o ABSOLUTE
    ../clib/memcpset.s                       0x00000000   Number         0  rt_memcpy_w.o ABSOLUTE
    ../clib/memcpset.s                       0x00000000   Number         0  aeabi_memset.o ABSOLUTE
    ../clib/memcpset.s                       0x00000000   Number         0  rt_memclr.o ABSOLUTE
    ../clib/memcpset.s                       0x00000000   Number         0  rt_memclr_w.o ABSOLUTE
    ../clib/signal.c                         0x00000000   Number         0  defsig_fpe_outer.o ABSOLUTE
    ../clib/signal.c                         0x00000000   Number         0  defsig_fpe_formal.o ABSOLUTE
    ../clib/signal.c                         0x00000000   Number         0  defsig_exit.o ABSOLUTE
    ../clib/signal.c                         0x00000000   Number         0  defsig_fpe_inner.o ABSOLUTE
    ../clib/signal.c                         0x00000000   Number         0  __raise.o ABSOLUTE
    ../clib/signal.c                         0x00000000   Number         0  defsig_general.o ABSOLUTE
    ../clib/signal.c                         0x00000000   Number         0  defsig_abrt_inner.o ABSOLUTE
    ../clib/signal.c                         0x00000000   Number         0  defsig_rtred_inner.o ABSOLUTE
    ../clib/signal.c                         0x00000000   Number         0  defsig_rtmem_inner.o ABSOLUTE
    ../clib/signal.c                         0x00000000   Number         0  defsig_stak_inner.o ABSOLUTE
    ../clib/signal.c                         0x00000000   Number         0  defsig_pvfn_inner.o ABSOLUTE
    ../clib/signal.c                         0x00000000   Number         0  defsig_cppl_inner.o ABSOLUTE
    ../clib/signal.c                         0x00000000   Number         0  defsig_segv_inner.o ABSOLUTE
    ../clib/signal.c                         0x00000000   Number         0  defsig_other.o ABSOLUTE
    ../clib/signal.s                         0x00000000   Number         0  defsig.o ABSOLUTE
    ../fplib/basic.s                         0x00000000   Number         0  basic.o ABSOLUTE
    ../fplib/d2f.s                           0x00000000   Number         0  d2f.o ABSOLUTE
    ../fplib/daddsub.s                       0x00000000   Number         0  daddsub_clz.o ABSOLUTE
    ../fplib/dcmp.s                          0x00000000   Number         0  dcmp.o ABSOLUTE
    ../fplib/dcmpi.s                         0x00000000   Number         0  dcmpi.o ABSOLUTE
    ../fplib/ddiv.s                          0x00000000   Number         0  ddiv.o ABSOLUTE
    ../fplib/deqf.s                          0x00000000   Number         0  deqf.o ABSOLUTE
    ../fplib/dfix.s                          0x00000000   Number         0  dfix.o ABSOLUTE
    ../fplib/dflt.s                          0x00000000   Number         0  dflt_clz.o ABSOLUTE
    ../fplib/dgeqf.s                         0x00000000   Number         0  dgeqf.o ABSOLUTE
    ../fplib/dleqf.s                         0x00000000   Number         0  dleqf.o ABSOLUTE
    ../fplib/dmul.s                          0x00000000   Number         0  dmul.o ABSOLUTE
    ../fplib/dnaninf.s                       0x00000000   Number         0  dnaninf.o ABSOLUTE
    ../fplib/dretinf.s                       0x00000000   Number         0  dretinf.o ABSOLUTE
    ../fplib/dsqrt.s                         0x00000000   Number         0  dsqrt_umaal.o ABSOLUTE
    ../fplib/f2d.s                           0x00000000   Number         0  f2d.o ABSOLUTE
    ../fplib/ffixll.s                        0x00000000   Number         0  ffixll.o ABSOLUTE
    ../fplib/fnaninf.s                       0x00000000   Number         0  fnaninf.o ABSOLUTE
    ../fplib/fretinf.s                       0x00000000   Number         0  fretinf.o ABSOLUTE
    ../fplib/istatus.s                       0x00000000   Number         0  istatus.o ABSOLUTE
    ../fplib/usenofp.s                       0x00000000   Number         0  usenofp.o ABSOLUTE
    ../mathlib/dunder.c                      0x00000000   Number         0  dunder.o ABSOLUTE
    ../mathlib/expf.c                        0x00000000   Number         0  expf.o ABSOLUTE
    ../mathlib/fpclassifyf.c                 0x00000000   Number         0  fpclassifyf.o ABSOLUTE
    ../mathlib/funder.c                      0x00000000   Number         0  funder.o ABSOLUTE
    ../mathlib/log.c                         0x00000000   Number         0  log.o ABSOLUTE
    ../mathlib/logf.c                        0x00000000   Number         0  logf.o ABSOLUTE
    ../mathlib/poly.c                        0x00000000   Number         0  poly.o ABSOLUTE
    ../mathlib/powf.c                        0x00000000   Number         0  powf.o ABSOLUTE
    ../mathlib/qnan.c                        0x00000000   Number         0  qnan.o ABSOLUTE
    ../mathlib/sqrt.c                        0x00000000   Number         0  sqrt.o ABSOLUTE
    ../mathlib/sqrtf.c                       0x00000000   Number         0  sqrtf.o ABSOLUTE
    ../mathlib/tanhf.c                       0x00000000   Number         0  tanhf.o ABSOLUTE
    ADC_INIT.s                               0x00000000   Number         0  adc_init.o ABSOLUTE
    ADJUST_STEP_FREQUENCY_LED_PWM.s          0x00000000   Number         0  adjust_step_frequency_led_pwm.o ABSOLUTE
    BasicMathFunctions.c                     0x00000000   Number         0  basicmathfunctions.o ABSOLUTE
    BasicMathFunctionsF16.c                  0x00000000   Number         0  basicmathfunctionsf16.o ABSOLUTE
    BayesFunctions.c                         0x00000000   Number         0  bayesfunctions.o ABSOLUTE
    BayesFunctionsF16.c                      0x00000000   Number         0  bayesfunctionsf16.o ABSOLUTE
    CONVRT.s                                 0x00000000   Number         0  convrt.o ABSOLUTE
    CommonTables.c                           0x00000000   Number         0  commontables.o ABSOLUTE
    CommonTablesF16.c                        0x00000000   Number         0  commontablesf16.o ABSOLUTE
    ComplexMathFunctions.c                   0x00000000   Number         0  complexmathfunctions.o ABSOLUTE
    ComplexMathFunctionsF16.c                0x00000000   Number         0  complexmathfunctionsf16.o ABSOLUTE
    ControllerFunctions.c                    0x00000000   Number         0  controllerfunctions.o ABSOLUTE
    DEBOUNCE_A.s                             0x00000000   Number         0  debounce_a.o ABSOLUTE
    DEBOUNCE_C.s                             0x00000000   Number         0  debounce_c.o ABSOLUTE
    DELAY.s                                  0x00000000   Number         0  delay.o ABSOLUTE
    DistanceFunctions.c                      0x00000000   Number         0  distancefunctions.o ABSOLUTE
    DistanceFunctionsF16.c                   0x00000000   Number         0  distancefunctionsf16.o ABSOLUTE
    FFT_MAGNITUDE.s                          0x00000000   Number         0  fft_magnitude.o ABSOLUTE
    FULL_STEP.s                              0x00000000   Number         0  full_step.o ABSOLUTE
    FastMathFunctions.c                      0x00000000   Number         0  fastmathfunctions.o ABSOLUTE
    FastMathFunctionsF16.c                   0x00000000   Number         0  fastmathfunctionsf16.o ABSOLUTE
    FilteringFunctions.c                     0x00000000   Number         0  filteringfunctions.o ABSOLUTE
    FilteringFunctionsF16.c                  0x00000000   Number         0  filteringfunctionsf16.o ABSOLUTE
    InterpolationFunctions.c                 0x00000000   Number         0  interpolationfunctions.o ABSOLUTE
    InterpolationFunctionsF16.c              0x00000000   Number         0  interpolationfunctionsf16.o ABSOLUTE
    KEYBOARD_PINS_INIT.s                     0x00000000   Number         0  keyboard_pins_init.o ABSOLUTE
    KEYBOARD_STATE.s                         0x00000000   Number         0  keyboard_state.o ABSOLUTE
    KEYBOARD_TAKE_INPUT_ISR.s                0x00000000   Number         0  keyboard_take_input_isr.o ABSOLUTE
    LED_PINS_INIT.s                          0x00000000   Number         0  led_pins_init.o ABSOLUTE
    LED_POWER_ISR.s                          0x00000000   Number         0  led_power_isr.o ABSOLUTE
    MAGNITUDE_ADC_INIT.s                     0x00000000   Number         0  magnitude_adc_init.o ABSOLUTE
    MAGNITUDE_SET_T.s                        0x00000000   Number         0  magnitude_set_t.o ABSOLUTE
    MY_ST_ISR.s                              0x00000000   Number         0  my_st_isr.o ABSOLUTE
    MatrixFunctions.c                        0x00000000   Number         0  matrixfunctions.o ABSOLUTE
    MatrixFunctionsF16.c                     0x00000000   Number         0  matrixfunctionsf16.o ABSOLUTE
    ONBOARDSW_INIT.s                         0x00000000   Number         0  onboardsw_init.o ABSOLUTE
    ONBOARD_SWITCH_ISR.s                     0x00000000   Number         0  onboard_switch_isr.o ABSOLUTE
    OutChar.s                                0x00000000   Number         0  outchar.o ABSOLUTE
    OutStr.s                                 0x00000000   Number         0  outstr.o ABSOLUTE
    POLL_KEYBOARD.s                          0x00000000   Number         0  poll_keyboard.o ABSOLUTE
    PROJECT_PARAMS.s                         0x00000000   Number         0  project_params.o ABSOLUTE
    Program_Directives.s                     0x00000000   Number         0  program_directives.o ABSOLUTE
    QuaternionMathFunctions.c                0x00000000   Number         0  quaternionmathfunctions.o ABSOLUTE
    RELEASE_KEYBOARD.s                       0x00000000   Number         0  release_keyboard.o ABSOLUTE
    SCREEN_FIND_WHICH_NUMBER.s               0x00000000   Number         0  screen_find_which_number.o ABSOLUTE
    SCREEN_INIT.s                            0x00000000   Number         0  screen_init.o ABSOLUTE
    SCREEN_SEND_CHAR.s                       0x00000000   Number         0  screen_send_char.o ABSOLUTE
    SCREEN_SEND_COMMAND.s                    0x00000000   Number         0  screen_send_command.o ABSOLUTE
    SPI_INIT.s                               0x00000000   Number         0  spi_init.o ABSOLUTE
    STEP_MOTOR_ISR.s                         0x00000000   Number         0  step_motor_isr.o ABSOLUTE
    STEP_OUT_PINS_INIT.s                     0x00000000   Number         0  step_out_pins_init.o ABSOLUTE
    SVMFunctions.c                           0x00000000   Number         0  svmfunctions.o ABSOLUTE
    SVMFunctionsF16.c                        0x00000000   Number         0  svmfunctionsf16.o ABSOLUTE
    SYSTICK_INIT.s                           0x00000000   Number         0  systick_init.o ABSOLUTE
    Startup.s                                0x00000000   Number         0  startup.o ABSOLUTE
    StatisticsFunctions.c                    0x00000000   Number         0  statisticsfunctions.o ABSOLUTE
    StatisticsFunctionsF16.c                 0x00000000   Number         0  statisticsfunctionsf16.o ABSOLUTE
    SupportFunctions.c                       0x00000000   Number         0  supportfunctions.o ABSOLUTE
    SupportFunctionsF16.c                    0x00000000   Number         0  supportfunctionsf16.o ABSOLUTE
    TIMERS_INIT.s                            0x00000000   Number         0  timers_init.o ABSOLUTE
    TransformFunctions.c                     0x00000000   Number         0  transformfunctions.o ABSOLUTE
    TransformFunctionsF16.c                  0x00000000   Number         0  transformfunctionsf16.o ABSOLUTE
    UPDATE_SCREEN.s                          0x00000000   Number         0  update_screen.o ABSOLUTE
    UPDATE_SCREEN_EXTENDED.s                 0x00000000   Number         0  update_screen_extended.o ABSOLUTE
    dc.s                                     0x00000000   Number         0  dc.o ABSOLUTE
    RESET                                    0x00000000   Section      664  startup.o(RESET)
    $v0                                      0x0000026c   Number         0  startup.o(RESET)
    .text                                    0x00000298   Section        0  heapauxi.o(.text)
    [Anonymous Symbol]                       0x000002a0   Section        0  transformfunctions.o(.text.arm_bitreversal_16)
    [Anonymous Symbol]                       0x000002f4   Section        0  transformfunctions.o(.text.arm_cfft_q15)
    [Anonymous Symbol]                       0x000003cc   Section        0  transformfunctions.o(.text.arm_cfft_radix4by2_inverse_q15)
    [Anonymous Symbol]                       0x0000047c   Section        0  transformfunctions.o(.text.arm_cfft_radix4by2_q15)
    [Anonymous Symbol]                       0x0000052c   Section        0  transformfunctions.o(.text.arm_radix4_butterfly_inverse_q15)
    [Anonymous Symbol]                       0x0000077c   Section        0  transformfunctions.o(.text.arm_radix4_butterfly_q15)
    $v0                                      0x000009cc   Number         0  adc_init.o(ADC_INIT)
    $v0                                      0x00000a94   Number         0  adjust_step_frequency_led_pwm.o(ADJUST_STEP_FREQUENCY_LED_PWM)
    $v0                                      0x00000b0c   Number         0  debounce_a.o(DEBOUNCE_A)
    $v0                                      0x00000b38   Number         0  delay.o(DELAY)
    $v0                                      0x00000b44   Number         0  fft_magnitude.o(FFT_MAGNITUDE)
    $v0                                      0x00000c08   Number         0  full_step.o(FULL_STEP)
    $v0                                      0x00000c44   Number         0  keyboard_pins_init.o(KEYBOARD_PINS_INIT)
    $v0                                      0x00000d64   Number         0  keyboard_state.o(KEYBOARD_STATE)
    $v0                                      0x00000e5c   Number         0  keyboard_take_input_isr.o(KEYBOARD_TAKE_INPUT_ISR)
    $v0                                      0x00000f58   Number         0  led_pins_init.o(LED_PINS_INIT)
    $v0                                      0x00000fb4   Number         0  led_power_isr.o(LED_POWER_ISR)
    $v0                                      0x0000108c   Number         0  magnitude_adc_init.o(MAGNITUDE_ADC_INIT)
    $v0                                      0x00001140   Number         0  magnitude_set_t.o(MAGNITUDE_SET_T)
    $v0                                      0x0000118c   Number         0  my_st_isr.o(MY_ST_ISR)
    $v0                                      0x0000120c   Number         0  onboardsw_init.o(ONBOARDSW_INIT)
    $v0                                      0x000012cc   Number         0  onboard_switch_isr.o(ONBOARD_SWITCH_ISR)
    $v0                                      0x00001300   Number         0  poll_keyboard.o(POLL_KEYBOARD)
    $v0                                      0x000013bc   Number         0  project_params.o(PROJECT_PARAMS_INIT)
    $v0                                      0x00001460   Number         0  release_keyboard.o(RELEASE_KEYBOARD)
    $v0                                      0x000014f8   Number         0  screen_find_which_number.o(SCREEN_FIND_WHICH_NUMBERS)
    $v0                                      0x00001628   Number         0  screen_init.o(SCREEN_INIT)
    $v0                                      0x0000173c   Number         0  screen_send_char.o(SCREEN_SEND_CHAR)
    $v0                                      0x00001764   Number         0  screen_send_command.o(SCREEN_SEND_COMMAND)
    $v0                                      0x0000178c   Number         0  spi_init.o(SPI_INIT)
    $v0                                      0x00001840   Number         0  step_motor_isr.o(STEP_MOTOR_ISR)
    $v0                                      0x00001858   Number         0  step_out_pins_init.o(STEP_OUT_PINS_INIT)
    $v0                                      0x000018b4   Number         0  systick_init.o(SYSTICK_INIT)
    $v0                                      0x000018e4   Number         0  timers_init.o(TIMERS_INIT)
    $v0                                      0x000019ec   Number         0  update_screen.o(UPDATE_SCREEN)
    $v0                                      0x00001d74   Number         0  update_screen_extended.o(UPDATE_SCREEN_EXTENDED)
    $v0                                      0x00002010   Number         0  program_directives.o(main)
    main                                     0x00002010   Section       92  program_directives.o(main)
    $v0                                      0x0000206c   Number         0  convrt.o(main)
    main                                     0x0000206c   Section       84  convrt.o(main)
    BITMAP_NOKIA                             0x000025b0   Section      420  update_screen.o(BITMAP_NOKIA)
    chars16                                  0x0000260a   Data           6  update_screen.o(BITMAP_NOKIA)
    chars45                                  0x000026b8   Data           6  update_screen.o(BITMAP_NOKIA)
    chars49                                  0x000026d0   Data           6  update_screen.o(BITMAP_NOKIA)
    chars50                                  0x000026d6   Data           6  update_screen.o(BITMAP_NOKIA)
    chars56                                  0x000026fa   Data           6  update_screen.o(BITMAP_NOKIA)
    chars57                                  0x00002700   Data           6  update_screen.o(BITMAP_NOKIA)
    chars59                                  0x0000270c   Data           6  update_screen.o(BITMAP_NOKIA)
    chars60                                  0x00002712   Data           6  update_screen.o(BITMAP_NOKIA)
    chars61                                  0x00002718   Data           6  update_screen.o(BITMAP_NOKIA)
    chars62                                  0x0000271e   Data           6  update_screen.o(BITMAP_NOKIA)
    chars67                                  0x0000273c   Data           6  update_screen.o(BITMAP_NOKIA)
    chars1                                   0x00002754   Data           6  screen_find_which_number.o(BITMAP_NOKIA)
    BITMAP_NOKIA                             0x00002754   Section      420  screen_find_which_number.o(BITMAP_NOKIA)
    chars6                                   0x00002772   Data           6  screen_find_which_number.o(BITMAP_NOKIA)
    chars7                                   0x00002778   Data           6  screen_find_which_number.o(BITMAP_NOKIA)
    chars8                                   0x0000277e   Data           6  screen_find_which_number.o(BITMAP_NOKIA)
    chars9                                   0x00002784   Data           6  screen_find_which_number.o(BITMAP_NOKIA)
    chars10                                  0x0000278a   Data           6  screen_find_which_number.o(BITMAP_NOKIA)
    chars11                                  0x00002790   Data           6  screen_find_which_number.o(BITMAP_NOKIA)
    chars12                                  0x00002796   Data           6  screen_find_which_number.o(BITMAP_NOKIA)
    chars13                                  0x0000279c   Data           6  screen_find_which_number.o(BITMAP_NOKIA)
    chars14                                  0x000027a2   Data           6  screen_find_which_number.o(BITMAP_NOKIA)
    chars15                                  0x000027a8   Data           6  screen_find_which_number.o(BITMAP_NOKIA)
    BITMAP_NOKIA                             0x000028f8   Section      420  update_screen_extended.o(BITMAP_NOKIA)
    chars16                                  0x00002952   Data           6  update_screen_extended.o(BITMAP_NOKIA)
    chars45                                  0x00002a00   Data           6  update_screen_extended.o(BITMAP_NOKIA)
    chars51                                  0x00002a24   Data           6  update_screen_extended.o(BITMAP_NOKIA)
    chars52                                  0x00002a2a   Data           6  update_screen_extended.o(BITMAP_NOKIA)
    chars53                                  0x00002a30   Data           6  update_screen_extended.o(BITMAP_NOKIA)
    chars57                                  0x00002a48   Data           6  update_screen_extended.o(BITMAP_NOKIA)
    chars60                                  0x00002a5a   Data           6  update_screen_extended.o(BITMAP_NOKIA)
    chars64                                  0x00002a72   Data           6  update_screen_extended.o(BITMAP_NOKIA)
    MEMORY_FOR_READINGS                      0x20000000   Section     1032  my_st_isr.o(MEMORY_FOR_READINGS)
    PROJECT_PARAMS                           0x20000408   Section       84  project_params.o(PROJECT_PARAMS)
    StackMem                                 0x20000460   Data           0  startup.o(STACK)
    STACK                                    0x20000460   Section     1024  startup.o(STACK)

    Global Symbols

    Symbol Name                              Value     Ov Type        Size  Object(Section)

    BuildAttributes$$THM_ISAv4$E$P$D$K$B$S$7EM$VFPi3$EXTD16$VFPS$VFMA$PE$A:L22UL41UL21$X:L11$S22US41US21$IEEE1$IW$~IW$USESV6$~STKCKD$USESV7$~SHL$OTIME$ROPI$IEEEX$EBA8$STANDARDLIB$REQ8$EABIv2 0x00000000   Number         0  anon$$obj.o ABSOLUTE
    __Vectors                                0x00000000   Data           0  startup.o(RESET)
    __sigvec_lookup                           - Undefined Weak Reference
    Reset_Handler                            0x0000026d   Thumb Code     0  startup.o(RESET)
    NMI_Handler                              0x00000271   Thumb Code     2  startup.o(RESET)
    HardFault_Handler                        0x00000273   Thumb Code     2  startup.o(RESET)
    MemManage_Handler                        0x00000275   Thumb Code     2  startup.o(RESET)
    BusFault_Handler                         0x00000277   Thumb Code     2  startup.o(RESET)
    UsageFault_Handler                       0x00000279   Thumb Code     2  startup.o(RESET)
    SVC_Handler                              0x0000027b   Thumb Code     2  startup.o(RESET)
    DebugMon_Handler                         0x0000027d   Thumb Code     2  startup.o(RESET)
    PendSV_Handler                           0x0000027f   Thumb Code     2  startup.o(RESET)
    SysTick_Handler                          0x00000281   Thumb Code     4  startup.o(RESET)
    GPIOPortA_Handler                        0x00000285   Thumb Code     4  startup.o(RESET)
    ADC0Seq0_Handler                         0x00000289   Thumb Code     0  startup.o(RESET)
    ADC0Seq1_Handler                         0x00000289   Thumb Code     0  startup.o(RESET)
    ADC0Seq2_Handler                         0x00000289   Thumb Code     0  startup.o(RESET)
    ADC0Seq3_Handler                         0x00000289   Thumb Code     0  startup.o(RESET)
    GPIOPortB_Handler                        0x00000289   Thumb Code     0  startup.o(RESET)
    GPIOPortC_Handler                        0x00000289   Thumb Code     0  startup.o(RESET)
    GPIOPortD_Handler                        0x00000289   Thumb Code     0  startup.o(RESET)
    GPIOPortE_Handler                        0x00000289   Thumb Code     0  startup.o(RESET)
    I2C0_Handler                             0x00000289   Thumb Code     0  startup.o(RESET)
    PWM0Fault_Handler                        0x00000289   Thumb Code     0  startup.o(RESET)
    PWM0Generator0_Handler                   0x00000289   Thumb Code     0  startup.o(RESET)
    PWM0Generator1_Handler                   0x00000289   Thumb Code     0  startup.o(RESET)
    PWM0Generator2_Handler                   0x00000289   Thumb Code     0  startup.o(RESET)
    Quadrature0_Handler                      0x00000289   Thumb Code     0  startup.o(RESET)
    SSI0_Handler                             0x00000289   Thumb Code     0  startup.o(RESET)
    Timer0A_Handler                          0x00000289   Thumb Code     4  startup.o(RESET)
    UART0_Handler                            0x00000289   Thumb Code     0  startup.o(RESET)
    UART1_Handler                            0x00000289   Thumb Code     0  startup.o(RESET)
    WDT_Handler                              0x00000289   Thumb Code     0  startup.o(RESET)
    Timer0B_Handler                          0x0000028d   Thumb Code     0  startup.o(RESET)
    Timer1A_Handler                          0x0000028d   Thumb Code     4  startup.o(RESET)
    Comp0_Handler                            0x00000291   Thumb Code     0  startup.o(RESET)
    Comp1_Handler                            0x00000291   Thumb Code     0  startup.o(RESET)
    Comp2_Handler                            0x00000291   Thumb Code     0  startup.o(RESET)
    FlashCtl_Handler                         0x00000291   Thumb Code     0  startup.o(RESET)
    GPIOPortF_Handler                        0x00000291   Thumb Code     4  startup.o(RESET)
    SysCtl_Handler                           0x00000291   Thumb Code     0  startup.o(RESET)
    Timer1B_Handler                          0x00000291   Thumb Code     0  startup.o(RESET)
    Timer2A_Handler                          0x00000291   Thumb Code     0  startup.o(RESET)
    Timer2B_Handler                          0x00000291   Thumb Code     0  startup.o(RESET)
    ADC1Seq0_Handler                         0x00000295   Thumb Code     0  startup.o(RESET)
    ADC1Seq1_Handler                         0x00000295   Thumb Code     0  startup.o(RESET)
    ADC1Seq2_Handler                         0x00000295   Thumb Code     0  startup.o(RESET)
    ADC1Seq3_Handler                         0x00000295   Thumb Code     0  startup.o(RESET)
    CAN0_Handler                             0x00000295   Thumb Code     0  startup.o(RESET)
    CAN1_Handler                             0x00000295   Thumb Code     0  startup.o(RESET)
    CAN2_Handler                             0x00000295   Thumb Code     0  startup.o(RESET)
    Ethernet_Handler                         0x00000295   Thumb Code     0  startup.o(RESET)
    ExtBus_Handler                           0x00000295   Thumb Code     0  startup.o(RESET)
    FPU_Handler                              0x00000295   Thumb Code     0  startup.o(RESET)
    Fan0_Handler                             0x00000295   Thumb Code     0  startup.o(RESET)
    GPIOPortG_Handler                        0x00000295   Thumb Code     0  startup.o(RESET)
    GPIOPortH_Handler                        0x00000295   Thumb Code     0  startup.o(RESET)
    GPIOPortJ_Handler                        0x00000295   Thumb Code     0  startup.o(RESET)
    GPIOPortK_Handler                        0x00000295   Thumb Code     0  startup.o(RESET)
    GPIOPortL_Handler                        0x00000295   Thumb Code     0  startup.o(RESET)
    GPIOPortM_Handler                        0x00000295   Thumb Code     0  startup.o(RESET)
    GPIOPortN_Handler                        0x00000295   Thumb Code     0  startup.o(RESET)
    GPIOPortP1_Handler                       0x00000295   Thumb Code     0  startup.o(RESET)
    GPIOPortP2_Handler                       0x00000295   Thumb Code     0  startup.o(RESET)
    GPIOPortP3_Handler                       0x00000295   Thumb Code     0  startup.o(RESET)
    GPIOPortP4_Handler                       0x00000295   Thumb Code     0  startup.o(RESET)
    GPIOPortP5_Handler                       0x00000295   Thumb Code     0  startup.o(RESET)
    GPIOPortP6_Handler                       0x00000295   Thumb Code     0  startup.o(RESET)
    GPIOPortP7_Handler                       0x00000295   Thumb Code     0  startup.o(RESET)
    GPIOPortP_Handler                        0x00000295   Thumb Code     0  startup.o(RESET)
    GPIOPortQ1_Handler                       0x00000295   Thumb Code     0  startup.o(RESET)
    GPIOPortQ2_Handler                       0x00000295   Thumb Code     0  startup.o(RESET)
    GPIOPortQ3_Handler                       0x00000295   Thumb Code     0  startup.o(RESET)
    GPIOPortQ4_Handler                       0x00000295   Thumb Code     0  startup.o(RESET)
    GPIOPortQ5_Handler                       0x00000295   Thumb Code     0  startup.o(RESET)
    GPIOPortQ6_Handler                       0x00000295   Thumb Code     0  startup.o(RESET)
    GPIOPortQ7_Handler                       0x00000295   Thumb Code     0  startup.o(RESET)
    GPIOPortQ_Handler                        0x00000295   Thumb Code     0  startup.o(RESET)
    GPIOPortR_Handler                        0x00000295   Thumb Code     0  startup.o(RESET)
    GPIOPortS_Handler                        0x00000295   Thumb Code     0  startup.o(RESET)
    Hibernate_Handler                        0x00000295   Thumb Code     0  startup.o(RESET)
    I2C1_Handler                             0x00000295   Thumb Code     0  startup.o(RESET)
    I2C2_Handler                             0x00000295   Thumb Code     0  startup.o(RESET)
    I2C3_Handler                             0x00000295   Thumb Code     0  startup.o(RESET)
    I2C4_Handler                             0x00000295   Thumb Code     0  startup.o(RESET)
    I2C5_Handler                             0x00000295   Thumb Code     0  startup.o(RESET)
    I2S0_Handler                             0x00000295   Thumb Code     0  startup.o(RESET)
    LPC0_Handler                             0x00000295   Thumb Code     0  startup.o(RESET)
    PECI0_Handler                            0x00000295   Thumb Code     0  startup.o(RESET)
    PWM0Generator3_Handler                   0x00000295   Thumb Code     0  startup.o(RESET)
    PWM1Fault_Handler                        0x00000295   Thumb Code     0  startup.o(RESET)
    PWM1Generator0_Handler                   0x00000295   Thumb Code     0  startup.o(RESET)
    PWM1Generator1_Handler                   0x00000295   Thumb Code     0  startup.o(RESET)
    PWM1Generator2_Handler                   0x00000295   Thumb Code     0  startup.o(RESET)
    PWM1Generator3_Handler                   0x00000295   Thumb Code     0  startup.o(RESET)
    Quadrature1_Handler                      0x00000295   Thumb Code     0  startup.o(RESET)
    Quadrature2_Handler                      0x00000295   Thumb Code     0  startup.o(RESET)
    SSI1_Handler                             0x00000295   Thumb Code     0  startup.o(RESET)
    SSI2_Handler                             0x00000295   Thumb Code     0  startup.o(RESET)
    SSI3_Handler                             0x00000295   Thumb Code     0  startup.o(RESET)
    Timer3A_Handler                          0x00000295   Thumb Code     0  startup.o(RESET)
    Timer3B_Handler                          0x00000295   Thumb Code     0  startup.o(RESET)
    Timer4A_Handler                          0x00000295   Thumb Code     0  startup.o(RESET)
    Timer4B_Handler                          0x00000295   Thumb Code     0  startup.o(RESET)
    Timer5A_Handler                          0x00000295   Thumb Code     0  startup.o(RESET)
    Timer5B_Handler                          0x00000295   Thumb Code     0  startup.o(RESET)
    UART2_Handler                            0x00000295   Thumb Code     0  startup.o(RESET)
    UART3_Handler                            0x00000295   Thumb Code     0  startup.o(RESET)
    UART4_Handler                            0x00000295   Thumb Code     0  startup.o(RESET)
    UART5_Handler                            0x00000295   Thumb Code     0  startup.o(RESET)
    UART6_Handler                            0x00000295   Thumb Code     0  startup.o(RESET)
    UART7_Handler                            0x00000295   Thumb Code     0  startup.o(RESET)
    USB0_Handler                             0x00000295   Thumb Code     0  startup.o(RESET)
    WideTimer0A_Handler                      0x00000295   Thumb Code     0  startup.o(RESET)
    WideTimer0B_Handler                      0x00000295   Thumb Code     0  startup.o(RESET)
    WideTimer1A_Handler                      0x00000295   Thumb Code     0  startup.o(RESET)
    WideTimer1B_Handler                      0x00000295   Thumb Code     0  startup.o(RESET)
    WideTimer2A_Handler                      0x00000295   Thumb Code     0  startup.o(RESET)
    WideTimer2B_Handler                      0x00000295   Thumb Code     0  startup.o(RESET)
    WideTimer3A_Handler                      0x00000295   Thumb Code     0  startup.o(RESET)
    WideTimer3B_Handler                      0x00000295   Thumb Code     0  startup.o(RESET)
    WideTimer4A_Handler                      0x00000295   Thumb Code     0  startup.o(RESET)
    WideTimer4B_Handler                      0x00000295   Thumb Code     0  startup.o(RESET)
    WideTimer5A_Handler                      0x00000295   Thumb Code     0  startup.o(RESET)
    WideTimer5B_Handler                      0x00000295   Thumb Code     0  startup.o(RESET)
    uDMA_Error                               0x00000295   Thumb Code     0  startup.o(RESET)
    uDMA_Handler                             0x00000295   Thumb Code     0  startup.o(RESET)
    __use_two_region_memory                  0x00000299   Thumb Code     2  heapauxi.o(.text)
    __rt_heap_escrow$2region                 0x0000029b   Thumb Code     2  heapauxi.o(.text)
    __rt_heap_expand$2region                 0x0000029d   Thumb Code     2  heapauxi.o(.text)
    arm_bitreversal_16                       0x000002a1   Thumb Code    82  transformfunctions.o(.text.arm_bitreversal_16)
    arm_cfft_q15                             0x000002f5   Thumb Code   214  transformfunctions.o(.text.arm_cfft_q15)
    arm_cfft_radix4by2_inverse_q15           0x000003cd   Thumb Code   174  transformfunctions.o(.text.arm_cfft_radix4by2_inverse_q15)
    arm_cfft_radix4by2_q15                   0x0000047d   Thumb Code   174  transformfunctions.o(.text.arm_cfft_radix4by2_q15)
    arm_radix4_butterfly_inverse_q15         0x0000052d   Thumb Code   590  transformfunctions.o(.text.arm_radix4_butterfly_inverse_q15)
    arm_radix4_butterfly_q15                 0x0000077d   Thumb Code   590  transformfunctions.o(.text.arm_radix4_butterfly_q15)
    ADC_INIT                                 0x000009cc   Section      200  adc_init.o(ADC_INIT)
    ADJUST_STEP_FREQUENCY_LED_PWM            0x00000a94   Section      120  adjust_step_frequency_led_pwm.o(ADJUST_STEP_FREQUENCY_LED_PWM)
    DEBOUNCE_A                               0x00000b0c   Section       44  debounce_a.o(DEBOUNCE_A)
    DELAY                                    0x00000b38   Section       12  delay.o(DELAY)
    FFT_MAGNITUDE                            0x00000b44   Section      196  fft_magnitude.o(FFT_MAGNITUDE)
    FULL_STEP                                0x00000c08   Section       60  full_step.o(FULL_STEP)
    KEYBOARD_PINS_INIT                       0x00000c44   Section      288  keyboard_pins_init.o(KEYBOARD_PINS_INIT)
    KEYBOARD_STATE                           0x00000d64   Section      248  keyboard_state.o(KEYBOARD_STATE)
    KEYBOARD_TAKE_INPUT_ISR                  0x00000e5c   Section      252  keyboard_take_input_isr.o(KEYBOARD_TAKE_INPUT_ISR)
    LED_PINS_INIT                            0x00000f58   Section       92  led_pins_init.o(LED_PINS_INIT)
    LED_POWER_ISR                            0x00000fb4   Section      216  led_power_isr.o(LED_POWER_ISR)
    MAGNITUDE_ADC_INIT                       0x0000108c   Section      180  magnitude_adc_init.o(MAGNITUDE_ADC_INIT)
    MAGNITUDE_SET_T                          0x00001140   Section       76  magnitude_set_t.o(MAGNITUDE_SET_T)
    MY_ST_ISR                                0x0000118c   Section      128  my_st_isr.o(MY_ST_ISR)
    ONBOARDSW_INIT                           0x0000120c   Section      192  onboardsw_init.o(ONBOARDSW_INIT)
    ONBOARD_SWITCH_ISR                       0x000012cc   Section       52  onboard_switch_isr.o(ONBOARD_SWITCH_ISR)
    POLL_KEYBOARD                            0x00001300   Section      188  poll_keyboard.o(POLL_KEYBOARD)
    PROJECT_PARAMS_INIT                      0x000013bc   Section      164  project_params.o(PROJECT_PARAMS_INIT)
    RELEASE_KEYBOARD                         0x00001460   Section      152  release_keyboard.o(RELEASE_KEYBOARD)
    SCREEN_FIND_WHICH_NUMBERS                0x000014f8   Section      304  screen_find_which_number.o(SCREEN_FIND_WHICH_NUMBERS)
    SCREEN_INIT                              0x00001628   Section      276  screen_init.o(SCREEN_INIT)
    SCREEN_SEND_CHAR                         0x0000173c   Section       40  screen_send_char.o(SCREEN_SEND_CHAR)
    SCREEN_SEND_COMMAND                      0x00001764   Section       40  screen_send_command.o(SCREEN_SEND_COMMAND)
    SPI_INIT                                 0x0000178c   Section      180  spi_init.o(SPI_INIT)
    STEP_MOTOR_ISR                           0x00001840   Section       24  step_motor_isr.o(STEP_MOTOR_ISR)
    STEP_OUT_PINS_INIT                       0x00001858   Section       92  step_out_pins_init.o(STEP_OUT_PINS_INIT)
    SYSTICK_INIT                             0x000018b4   Section       48  systick_init.o(SYSTICK_INIT)
    TIMERS_INIT                              0x000018e4   Section      264  timers_init.o(TIMERS_INIT)
    UPDATE_SCREEN                            0x000019ec   Section      904  update_screen.o(UPDATE_SCREEN)
    UPDATE_SCREEN_EXTENDED                   0x00001d74   Section      668  update_screen_extended.o(UPDATE_SCREEN_EXTENDED)
    __main                                   0x00002011   Thumb Code    86  program_directives.o(main)
    CONVRT                                   0x0000206d   Thumb Code     0  convrt.o(main)
    armBitRevIndexTable_fixed_256            0x000020c0   Data         480  commontables.o(.rodata.armBitRevIndexTable_fixed_256)
    arm_cfft_sR_q15_len256                   0x000022a0   Data          16  commontables.o(.rodata.arm_cfft_sR_q15_len256)
    twiddleCoef_256_q15                      0x000022b0   Data         768  commontables.o(.rodata.twiddleCoef_256_q15)
    MIC_READINGS                             0x20000000   Data        1024  my_st_isr.o(MEMORY_FOR_READINGS)
    CURRENT_PTR                              0x20000400   Data           4  my_st_isr.o(MEMORY_FOR_READINGS)
    READ_COMPLETE                            0x20000404   Data           4  my_st_isr.o(MEMORY_FOR_READINGS)
    WHICH_LED                                0x20000408   Data           4  project_params.o(PROJECT_PARAMS)
    DOMINANT_FREQUENCY                       0x2000040c   Data          15  project_params.o(PROJECT_PARAMS)
    DOMINANT_MAGNITUDE                       0x2000041b   Data          15  project_params.o(PROJECT_PARAMS)
    HIGH                                     0x2000042c   Data           4  project_params.o(PROJECT_PARAMS)
    LOW                                      0x20000430   Data           4  project_params.o(PROJECT_PARAMS)
    STEP_DIR                                 0x20000434   Data           4  project_params.o(PROJECT_PARAMS)
    LOW_FREQ_T                               0x20000438   Data           4  project_params.o(PROJECT_PARAMS)
    HIGH_FREQ_T                              0x2000043c   Data           4  project_params.o(PROJECT_PARAMS)
    LOW_FREQ_DIGITS                          0x20000440   Data           4  project_params.o(PROJECT_PARAMS)
    HIGH_FREQ_DIGITS                         0x20000444   Data           4  project_params.o(PROJECT_PARAMS)
    AMPLITUDE_T                              0x20000448   Data           4  project_params.o(PROJECT_PARAMS)
    AMPLITUDE_DIGITS                         0x2000044c   Data           4  project_params.o(PROJECT_PARAMS)
    TRESHOLD_SETTING_MODE                    0x20000450   Data           4  project_params.o(PROJECT_PARAMS)
    SETTING_MODE                             0x20000454   Data           4  project_params.o(PROJECT_PARAMS)
    KEYBOARD_IN_OUT                          0x20000458   Data           4  project_params.o(PROJECT_PARAMS)



==============================================================================

Memory Map of the image

  Image Entry point : 0x0000026d

  Load Region LR_1 (Base: 0x00000000, Size: 0x00003300, Max: 0xffffffff, ABSOLUTE)

    Execution Region ER_RO (Exec base: 0x00000000, Load base: 0x00000000, Size: 0x00002a9c, Max: 0xffffffff, ABSOLUTE)

    Exec Addr    Load Addr    Size         Type   Attr      Idx    E Section Name        Object

    0x00000000   0x00000000   0x00000298   Code   RO           10  * RESET               startup.o
    0x00000298   0x00000298   0x00000006   Code   RO         1720    .text               c_w.l(heapauxi.o)
    0x0000029e   0x0000029e   0x00000002   PAD
    0x000002a0   0x000002a0   0x00000052   Code   RO         1473    .text.arm_bitreversal_16  transformfunctions.o
    0x000002f2   0x000002f2   0x00000002   PAD
    0x000002f4   0x000002f4   0x000000d6   Code   RO         1489    .text.arm_cfft_q15  transformfunctions.o
    0x000003ca   0x000003ca   0x00000002   PAD
    0x000003cc   0x000003cc   0x000000ae   Code   RO         1493    .text.arm_cfft_radix4by2_inverse_q15  transformfunctions.o
    0x0000047a   0x0000047a   0x00000002   PAD
    0x0000047c   0x0000047c   0x000000ae   Code   RO         1497    .text.arm_cfft_radix4by2_q15  transformfunctions.o
    0x0000052a   0x0000052a   0x00000002   PAD
    0x0000052c   0x0000052c   0x0000024e   Code   RO         1491    .text.arm_radix4_butterfly_inverse_q15  transformfunctions.o
    0x0000077a   0x0000077a   0x00000002   PAD
    0x0000077c   0x0000077c   0x0000024e   Code   RO         1495    .text.arm_radix4_butterfly_q15  transformfunctions.o
    0x000009ca   0x000009ca   0x00000002   PAD
    0x000009cc   0x000009cc   0x000000c8   Code   RO           25    ADC_INIT            adc_init.o
    0x00000a94   0x00000a94   0x00000078   Code   RO           80    ADJUST_STEP_FREQUENCY_LED_PWM  adjust_step_frequency_led_pwm.o
    0x00000b0c   0x00000b0c   0x0000002c   Code   RO          123    DEBOUNCE_A          debounce_a.o
    0x00000b38   0x00000b38   0x0000000c   Code   RO           92    DELAY               delay.o
    0x00000b44   0x00000b44   0x000000c4   Code   RO           29    FFT_MAGNITUDE       fft_magnitude.o
    0x00000c08   0x00000c08   0x0000003c   Code   RO           63    FULL_STEP           full_step.o
    0x00000c44   0x00000c44   0x00000120   Code   RO          119    KEYBOARD_PINS_INIT  keyboard_pins_init.o
    0x00000d64   0x00000d64   0x000000f8   Code   RO          139    KEYBOARD_STATE      keyboard_state.o
    0x00000e5c   0x00000e5c   0x000000fc   Code   RO          131    KEYBOARD_TAKE_INPUT_ISR  keyboard_take_input_isr.o
    0x00000f58   0x00000f58   0x0000005c   Code   RO           43    LED_PINS_INIT       led_pins_init.o
    0x00000fb4   0x00000fb4   0x000000d8   Code   RO           55    LED_POWER_ISR       led_power_isr.o
    0x0000108c   0x0000108c   0x000000b4   Code   RO          143    MAGNITUDE_ADC_INIT  magnitude_adc_init.o
    0x00001140   0x00001140   0x0000004c   Code   RO          147    MAGNITUDE_SET_T     magnitude_set_t.o
    0x0000118c   0x0000118c   0x00000080   Code   RO            2    MY_ST_ISR           my_st_isr.o
    0x0000120c   0x0000120c   0x000000c0   Code   RO           72    ONBOARDSW_INIT      onboardsw_init.o
    0x000012cc   0x000012cc   0x00000034   Code   RO           76    ONBOARD_SWITCH_ISR  onboard_switch_isr.o
    0x00001300   0x00001300   0x000000bc   Code   RO          135    POLL_KEYBOARD       poll_keyboard.o
    0x000013bc   0x000013bc   0x000000a4   Code   RO           68    PROJECT_PARAMS_INIT  project_params.o
    0x00001460   0x00001460   0x00000098   Code   RO          151    RELEASE_KEYBOARD    release_keyboard.o
    0x000014f8   0x000014f8   0x00000130   Code   RO          110    SCREEN_FIND_WHICH_NUMBERS  screen_find_which_number.o
    0x00001628   0x00001628   0x00000114   Code   RO           88    SCREEN_INIT         screen_init.o
    0x0000173c   0x0000173c   0x00000028   Code   RO          101    SCREEN_SEND_CHAR    screen_send_char.o
    0x00001764   0x00001764   0x00000028   Code   RO          105    SCREEN_SEND_COMMAND  screen_send_command.o
    0x0000178c   0x0000178c   0x000000b4   Code   RO           84    SPI_INIT            spi_init.o
    0x00001840   0x00001840   0x00000018   Code   RO           51    STEP_MOTOR_ISR      step_motor_isr.o
    0x00001858   0x00001858   0x0000005c   Code   RO           59    STEP_OUT_PINS_INIT  step_out_pins_init.o
    0x000018b4   0x000018b4   0x00000030   Code   RO           21    SYSTICK_INIT        systick_init.o
    0x000018e4   0x000018e4   0x00000108   Code   RO           47    TIMERS_INIT         timers_init.o
    0x000019ec   0x000019ec   0x00000388   Code   RO           97    UPDATE_SCREEN       update_screen.o
    0x00001d74   0x00001d74   0x0000029c   Code   RO          115    UPDATE_SCREEN_EXTENDED  update_screen_extended.o
    0x00002010   0x00002010   0x0000005c   Code   RO           17    main                program_directives.o
    0x0000206c   0x0000206c   0x00000054   Code   RO           33    main                convrt.o
    0x000020c0   0x000020c0   0x000001e0   Data   RO          369    .rodata.armBitRevIndexTable_fixed_256  commontables.o
    0x000022a0   0x000022a0   0x00000010   Data   RO          456    .rodata.arm_cfft_sR_q15_len256  commontables.o
    0x000022b0   0x000022b0   0x00000300   Data   RO          342    .rodata.twiddleCoef_256_q15  commontables.o
    0x000025b0   0x000025b0   0x000001a4   Data   RO           96    BITMAP_NOKIA        update_screen.o
    0x00002754   0x00002754   0x000001a4   Data   RO          109    BITMAP_NOKIA        screen_find_which_number.o
    0x000028f8   0x000028f8   0x000001a4   Data   RO          114    BITMAP_NOKIA        update_screen_extended.o


    Execution Region ER_RW (Exec base: 0x20000000, Load base: 0x00002aa0, Size: 0x00000860, Max: 0xffffffff, ABSOLUTE)

    Exec Addr    Load Addr    Size         Type   Attr      Idx    E Section Name        Object

    0x20000000   0x00002aa0   0x00000408   Data   RW            1    MEMORY_FOR_READINGS  my_st_isr.o
    0x20000408   0x00002ea8   0x00000054   Data   RW           67    PROJECT_PARAMS      project_params.o
    0x2000045c   0x00002efc   0x00000004   PAD
    0x20000460   0x00002f00   0x00000400   Data   RW            8    STACK               startup.o


    Execution Region ER_ZI (Exec base: 0x20000860, Load base: 0x00003300, Size: 0x00000000, Max: 0xffffffff, ABSOLUTE)

    **** No section assigned to this execution region ****


==============================================================================

Image component sizes


      Code (inc. data)   RO Data    RW Data    ZI Data      Debug   Object Name

       200         54          0          0          0        392   adc_init.o
       120         28          0          0          0        432   adjust_step_frequency_led_pwm.o
         0          0       1264          0          0      10598   commontables.o
        84          0          0          0          0        352   convrt.o
        44          4          0          0          0        352   debounce_a.o
        12          2          0          0          0        328   delay.o
       196         18          0          0          0        412   fft_magnitude.o
        60         10          0          0          0        356   full_step.o
       288         82          0          0          0        444   keyboard_pins_init.o
       248         18          0          0          0        420   keyboard_state.o
       252         20          0          0          0        452   keyboard_take_input_isr.o
        92         32          0          0          0        372   led_pins_init.o
       216         30          0          0          0        424   led_power_isr.o
       180         44          0          0          0        408   magnitude_adc_init.o
        76         22          0          0          0        372   magnitude_set_t.o
       128         28          0       1032          0        408   my_st_isr.o
        52         12          0          0          0        380   onboard_switch_isr.o
       192         52          0          0          0        404   onboardsw_init.o
       188          8          0          0          0        404   poll_keyboard.o
        92          6          0          0          0        376   program_directives.o
       164         50          0         84          0        396   project_params.o
       152          6          0          0          0        400   release_keyboard.o
       304         46        420          0          0        456   screen_find_which_number.o
       276         12          0          0          0        424   screen_init.o
        40         14          0          0          0        364   screen_send_char.o
        40         14          0          0          0        376   screen_send_command.o
       180         48          0          0          0        384   spi_init.o
       664        622          0       1024          0        864   startup.o
        24          4          0          0          0        356   step_motor_isr.o
        92         32          0          0          0        384   step_out_pins_init.o
        48         14          0          0          0        356   systick_init.o
       264         74          0          0          0        416   timers_init.o
      1824          0          0          0          0      90398   transformfunctions.o
       904         66        420          0          0        600   update_screen.o
       668         54        420          0          0        560   update_screen_extended.o

    ----------------------------------------------------------------------
      8376       1526       2524       2144          0     114820   Object Totals
         0          0          0          0          0          0   (incl. Generated)
        12          0          0          4          0          0   (incl. Padding)

    ----------------------------------------------------------------------

      Code (inc. data)   RO Data    RW Data    ZI Data      Debug   Library Member Name

         6          0          0          0          0        152   heapauxi.o

    ----------------------------------------------------------------------
         8          0          0          0          0        152   Library Totals
         2          0          0          0          0          0   (incl. Padding)

    ----------------------------------------------------------------------

      Code (inc. data)   RO Data    RW Data    ZI Data      Debug   Library Name

         6          0          0          0          0        152   c_w.l

    ----------------------------------------------------------------------
         8          0          0          0          0        152   Library Totals

    ----------------------------------------------------------------------

==============================================================================


      Code (inc. data)   RO Data    RW Data    ZI Data      Debug   

      8384       1526       2524       2144          0     111772   Grand Totals
      8384       1526       2524       2144          0     111772   ELF Image Totals
      8384       1526       2524       2144          0          0   ROM Totals

==============================================================================

    Total RO  Size (Code + RO Data)                10908 (  10.65kB)
    Total RW  Size (RW Data + ZI Data)              2144 (   2.09kB)
    Total ROM Size (Code + RO Data + RW Data)      13052 (  12.75kB)

==============================================================================

